Jan 28 06:25:03 instance-1 liblogging-stdlog:  [origin software="rsyslogd" swVersion="8.24.0" x-pid="466" x-info="http://www.rsyslog.com"] rsyslogd was HUPed
Jan 28 06:27:03 instance-1 collectd[769]: uc_update: Value too old: name = instance-1/processes-all/ps_cputime; value time = 1517120823.679; last cache update = 1517120823.683;
Jan 28 06:31:03 instance-1 collectd[769]: uc_update: Value too old: name = instance-1/processes-all/ps_cputime; value time = 1517121063.677; last cache update = 1517121063.678;
Jan 28 06:31:03 instance-1 collectd[769]: uc_update: Value too old: name = instance-1/processes-all/ps_vm; value time = 1517121063.728; last cache update = 1517121063.729;
Jan 28 06:36:03 instance-1 collectd[769]: uc_update: Value too old: name = instance-1/processes-all/ps_cputime; value time = 1517121363.673; last cache update = 1517121363.674;
Jan 28 06:36:03 instance-1 systemd[1]: Starting Daily apt upgrade and clean activities...
Jan 28 06:36:14 instance-1 systemd[1]: Started Daily apt upgrade and clean activities.
Jan 28 06:36:14 instance-1 systemd[1]: apt-daily-upgrade.timer: Adding 29min 11.424988s random time.
Jan 28 06:36:14 instance-1 systemd[1]: apt-daily-upgrade.timer: Adding 37.347965s random time.
Jan 28 06:41:03 instance-1 collectd[769]: uc_update: Value too old: name = instance-1/processes-all/ps_cputime; value time = 1517121663.689; last cache update = 1517121663.704;
Jan 28 06:41:03 instance-1 collectd[769]: write_gcm: Asking metadata server for auth token
Jan 28 06:47:01 instance-1 CRON[26420]: (root) CMD (test -x /usr/sbin/anacron || ( cd / && run-parts --report /etc/cron.weekly ))
Jan 28 07:17:01 instance-1 CRON[26822]: (root) CMD (   cd / && run-parts --report /etc/cron.hourly)
Jan 28 07:39:12 instance-1 collectd[769]: write_gcm: Asking metadata server for auth token
Jan 28 08:10:13 instance-1 collectd[769]: write_gcm: Asking metadata server for auth token
Jan 28 08:17:01 instance-1 CRON[27574]: (root) CMD (   cd / && run-parts --report /etc/cron.hourly)
Jan 28 09:07:14 instance-1 collectd[769]: write_gcm: Asking metadata server for auth token
Jan 28 09:17:01 instance-1 CRON[28328]: (root) CMD (   cd / && run-parts --report /etc/cron.hourly)
Jan 28 09:40:15 instance-1 collectd[769]: write_gcm: Asking metadata server for auth token
Jan 28 10:10:16 instance-1 collectd[769]: write_gcm: Asking metadata server for auth token
Jan 28 10:17:01 instance-1 CRON[29087]: (root) CMD (   cd / && run-parts --report /etc/cron.hourly)
Jan 28 10:41:17 instance-1 collectd[769]: write_gcm: Asking metadata server for auth token
Jan 28 11:17:01 instance-1 CRON[29835]: (root) CMD (   cd / && run-parts --report /etc/cron.hourly)
Jan 28 11:40:19 instance-1 collectd[769]: write_gcm: Asking metadata server for auth token
Jan 28 11:47:08 instance-1 systemd[1]: Starting Daily apt download activities...
Jan 28 11:47:19 instance-1 systemd[1]: Started Daily apt download activities.
Jan 28 11:47:19 instance-1 systemd[1]: apt-daily.timer: Adding 7h 48min 26.633363s random time.
Jan 28 11:47:19 instance-1 systemd[1]: apt-daily.timer: Adding 4h 50min 18.850833s random time.
Jan 28 11:49:03 instance-1 collectd[769]: uc_update: Value too old: name = instance-1/processes-all/disk_octets; value time = 1517140143.689; last cache update = 1517140143.701;
Jan 28 11:53:03 instance-1 collectd[769]: uc_update: Value too old: name = instance-1/processes-all/ps_vm; value time = 1517140383.685; last cache update = 1517140383.686;
Jan 28 11:57:03 instance-1 collectd[769]: uc_update: Value too old: name = instance-1/processes-all/ps_cputime; value time = 1517140623.749; last cache update = 1517140623.755;
Jan 28 12:01:03 instance-1 collectd[769]: uc_update: Value too old: name = instance-1/processes-all/ps_vm; value time = 1517140863.669; last cache update = 1517140863.669;
Jan 28 12:02:03 instance-1 collectd[769]: uc_update: Value too old: name = instance-1/processes-all/ps_cputime; value time = 1517140923.669; last cache update = 1517140923.670;
Jan 28 12:02:03 instance-1 collectd[769]: uc_update: Value too old: name = instance-1/processes-all/ps_rss; value time = 1517140923.675; last cache update = 1517140923.679;
Jan 28 12:02:03 instance-1 collectd[769]: uc_update: Value too old: name = instance-1/processes-all/ps_cputime; value time = 1517140923.721; last cache update = 1517140923.721;
Jan 28 12:03:50 instance-1 dhclient[583]: DHCPREQUEST of 10.142.0.2 on eth0 to 169.254.169.254 port 67
Jan 28 12:03:50 instance-1 dhclient[583]: DHCPACK of 10.142.0.2 from 169.254.169.254
Jan 28 12:03:50 instance-1 dhclient[583]: bound to 10.142.0.2 -- renewal in 42169 seconds.
Jan 28 12:04:03 instance-1 collectd[769]: uc_update: Value too old: name = instance-1/processes-all/disk_octets; value time = 1517141043.665; last cache update = 1517141043.665;
Jan 28 12:04:03 instance-1 collectd[769]: uc_update: Value too old: name = instance-1/processes-all/ps_vm; value time = 1517141043.669; last cache update = 1517141043.674;
Jan 28 12:16:03 instance-1 collectd[769]: uc_update: Value too old: name = instance-1/processes-all/ps_rss; value time = 1517141763.685; last cache update = 1517141763.687;
Jan 28 12:17:01 instance-1 CRON[31289]: (root) CMD (   cd / && run-parts --report /etc/cron.hourly)
Jan 28 12:23:03 instance-1 collectd[769]: uc_update: Value too old: name = instance-1/processes-all/ps_cputime; value time = 1517142183.679; last cache update = 1517142183.682;
Jan 28 12:25:03 instance-1 collectd[769]: uc_update: Value too old: name = instance-1/processes-all/ps_cputime; value time = 1517142303.669; last cache update = 1517142303.678;
Jan 28 12:29:03 instance-1 collectd[769]: uc_update: Value too old: name = instance-1/processes-all/ps_cputime; value time = 1517142543.675; last cache update = 1517142543.677;
Jan 28 12:30:03 instance-1 collectd[769]: uc_update: Value too old: name = instance-1/processes-all/ps_cputime; value time = 1517142603.669; last cache update = 1517142603.675;
Jan 28 12:31:03 instance-1 collectd[769]: uc_update: Value too old: name = instance-1/processes-all/ps_cputime; value time = 1517142663.711; last cache update = 1517142663.712;
Jan 28 12:32:03 instance-1 collectd[769]: uc_update: Value too old: name = instance-1/processes-all/ps_cputime; value time = 1517142723.666; last cache update = 1517142723.668;
Jan 28 12:35:03 instance-1 collectd[769]: write_gcm: Asking metadata server for auth token
Jan 28 12:48:03 instance-1 collectd[769]: uc_update: Value too old: name = instance-1/processes-all/ps_cputime; value time = 1517143683.669; last cache update = 1517143683.671;
Jan 28 12:48:03 instance-1 collectd[769]: uc_update: Value too old: name = instance-1/processes-all/io_octets; value time = 1517143683.673; last cache update = 1517143683.675;
Jan 28 12:50:03 instance-1 collectd[769]: uc_update: Value too old: name = instance-1/processes-all/ps_cputime; value time = 1517143803.677; last cache update = 1517143803.677;
Jan 28 12:50:03 instance-1 collectd[769]: uc_update: Value too old: name = instance-1/processes-all/ps_vm; value time = 1517143803.682; last cache update = 1517143803.682;
Jan 28 12:50:03 instance-1 collectd[769]: uc_update: Value too old: name = instance-1/processes-all/io_octets; value time = 1517143803.702; last cache update = 1517143803.708;
Jan 28 12:52:03 instance-1 collectd[769]: uc_update: Value too old: name = instance-1/processes-all/ps_cputime; value time = 1517143923.669; last cache update = 1517143923.676;
Jan 28 12:55:03 instance-1 collectd[769]: uc_update: Value too old: name = instance-1/processes-all/ps_cputime; value time = 1517144103.669; last cache update = 1517144103.676;
Jan 28 12:55:03 instance-1 collectd[769]: uc_update: Value too old: name = instance-1/processes-all/ps_vm; value time = 1517144103.701; last cache update = 1517144103.702;
Jan 28 12:56:03 instance-1 collectd[769]: uc_update: Value too old: name = instance-1/processes-all/ps_cputime; value time = 1517144163.669; last cache update = 1517144163.675;
Jan 28 12:57:03 instance-1 collectd[769]: uc_update: Value too old: name = instance-1/processes-all/ps_rss; value time = 1517144223.669; last cache update = 1517144223.674;
Jan 28 12:58:03 instance-1 collectd[769]: uc_update: Value too old: name = instance-1/processes-all/ps_cputime; value time = 1517144283.669; last cache update = 1517144283.675;
Jan 28 12:59:03 instance-1 collectd[769]: uc_update: Value too old: name = instance-1/processes-all/ps_cputime; value time = 1517144343.684; last cache update = 1517144343.705;
Jan 28 13:01:03 instance-1 collectd[769]: uc_update: Value too old: name = instance-1/processes-all/ps_vm; value time = 1517144463.676; last cache update = 1517144463.676;
Jan 28 13:02:03 instance-1 collectd[769]: uc_update: Value too old: name = instance-1/processes-all/ps_cputime; value time = 1517144523.675; last cache update = 1517144523.677;
Jan 28 13:06:03 instance-1 collectd[769]: uc_update: Value too old: name = instance-1/processes-all/io_octets; value time = 1517144763.678; last cache update = 1517144763.682;
Jan 28 13:08:03 instance-1 collectd[769]: uc_update: Value too old: name = instance-1/processes-all/ps_cputime; value time = 1517144883.669; last cache update = 1517144883.674;
Jan 28 13:08:03 instance-1 collectd[769]: write_gcm: Asking metadata server for auth token
Jan 28 13:09:03 instance-1 collectd[769]: uc_update: Value too old: name = instance-1/processes-all/disk_octets; value time = 1517144943.669; last cache update = 1517144943.674;
Jan 28 13:11:03 instance-1 collectd[769]: uc_update: Value too old: name = instance-1/processes-all/ps_rss; value time = 1517145063.680; last cache update = 1517145063.685;
Jan 28 13:15:03 instance-1 collectd[769]: uc_update: Value too old: name = instance-1/processes-all/ps_vm; value time = 1517145303.678; last cache update = 1517145303.681;
Jan 28 13:17:01 instance-1 CRON[32083]: (root) CMD (   cd / && run-parts --report /etc/cron.hourly)
Jan 28 13:19:03 instance-1 collectd[769]: uc_update: Value too old: name = instance-1/processes-all/ps_cputime; value time = 1517145543.676; last cache update = 1517145543.679;
Jan 28 13:22:03 instance-1 collectd[769]: uc_update: Value too old: name = instance-1/processes-all/ps_cputime; value time = 1517145723.675; last cache update = 1517145723.679;
Jan 28 13:27:03 instance-1 collectd[769]: uc_update: Value too old: name = instance-1/processes-all/ps_cputime; value time = 1517146023.669; last cache update = 1517146023.674;
Jan 28 13:30:03 instance-1 collectd[769]: uc_update: Value too old: name = instance-1/processes-all/ps_cputime; value time = 1517146203.680; last cache update = 1517146203.683;
Jan 28 13:38:03 instance-1 collectd[769]: uc_update: Value too old: name = instance-1/processes-all/ps_cputime; value time = 1517146683.669; last cache update = 1517146683.674;
Jan 28 13:40:03 instance-1 collectd[769]: uc_update: Value too old: name = instance-1/processes-all/ps_cputime; value time = 1517146803.669; last cache update = 1517146803.673;
Jan 28 13:42:03 instance-1 collectd[769]: uc_update: Value too old: name = instance-1/processes-all/ps_vm; value time = 1517146923.670; last cache update = 1517146923.671;
Jan 28 13:42:03 instance-1 collectd[769]: uc_update: Value too old: name = instance-1/processes-all/io_octets; value time = 1517146923.676; last cache update = 1517146923.677;
Jan 28 13:43:03 instance-1 collectd[769]: uc_update: Value too old: name = instance-1/processes-all/ps_cputime; value time = 1517146983.669; last cache update = 1517146983.673;
Jan 28 13:44:03 instance-1 collectd[769]: uc_update: Value too old: name = instance-1/processes-all/ps_cputime; value time = 1517147043.669; last cache update = 1517147043.673;
Jan 28 13:44:03 instance-1 collectd[769]: uc_update: Value too old: name = instance-1/processes-all/disk_octets; value time = 1517147043.679; last cache update = 1517147043.680;
Jan 28 13:45:03 instance-1 collectd[769]: uc_update: Value too old: name = instance-1/processes-all/ps_vm; value time = 1517147103.676; last cache update = 1517147103.677;
Jan 28 13:46:03 instance-1 collectd[769]: uc_update: Value too old: name = instance-1/processes-all/ps_cputime; value time = 1517147163.673; last cache update = 1517147163.673;
Jan 28 13:46:03 instance-1 collectd[769]: uc_update: Value too old: name = instance-1/processes-all/ps_vm; value time = 1517147163.675; last cache update = 1517147163.678;
Jan 28 13:56:03 instance-1 collectd[769]: uc_update: Value too old: name = instance-1/processes-all/ps_cputime; value time = 1517147763.669; last cache update = 1517147763.672;
Jan 28 13:57:03 instance-1 collectd[769]: uc_update: Value too old: name = instance-1/processes-all/ps_rss; value time = 1517147823.672; last cache update = 1517147823.673;
Jan 28 13:59:03 instance-1 collectd[769]: uc_update: Value too old: name = instance-1/processes-all/ps_cputime; value time = 1517147943.669; last cache update = 1517147943.672;
Jan 28 13:59:03 instance-1 collectd[769]: uc_update: Value too old: name = instance-1/processes-all/ps_vm; value time = 1517147943.676; last cache update = 1517147943.678;
Jan 28 13:59:03 instance-1 collectd[769]: uc_update: Value too old: name = instance-1/processes-all/disk_octets; value time = 1517147943.680; last cache update = 1517147943.682;
Jan 28 14:00:03 instance-1 collectd[769]: uc_update: Value too old: name = instance-1/processes-all/ps_cputime; value time = 1517148003.673; last cache update = 1517148003.674;
Jan 28 14:02:03 instance-1 collectd[769]: uc_update: Value too old: name = instance-1/processes-all/ps_cputime; value time = 1517148123.675; last cache update = 1517148123.678;
Jan 28 14:05:03 instance-1 collectd[769]: write_gcm: Asking metadata server for auth token
Jan 28 14:06:03 instance-1 collectd[769]: uc_update: Value too old: name = instance-1/processes-all/ps_cputime; value time = 1517148363.669; last cache update = 1517148363.669;
Jan 28 14:06:03 instance-1 collectd[769]: uc_update: Value too old: name = instance-1/processes-all/ps_cputime; value time = 1517148363.679; last cache update = 1517148363.706;
Jan 28 14:07:03 instance-1 collectd[769]: uc_update: Value too old: name = instance-1/processes-all/ps_cputime; value time = 1517148423.669; last cache update = 1517148423.669;
Jan 28 14:15:03 instance-1 collectd[769]: uc_update: Value too old: name = instance-1/processes-all/ps_cputime; value time = 1517148903.674; last cache update = 1517148903.674;
Jan 28 14:15:03 instance-1 collectd[769]: uc_update: Value too old: name = instance-1/processes-all/ps_cputime; value time = 1517148903.675; last cache update = 1517148903.677;
Jan 28 14:17:02 instance-1 CRON[414]: (root) CMD (   cd / && run-parts --report /etc/cron.hourly)
Jan 28 14:23:03 instance-1 collectd[769]: uc_update: Value too old: name = instance-1/processes-all/ps_rss; value time = 1517149383.673; last cache update = 1517149383.679;
Jan 28 14:24:03 instance-1 collectd[769]: uc_update: Value too old: name = instance-1/processes-all/disk_octets; value time = 1517149443.670; last cache update = 1517149443.671;
Jan 28 14:33:03 instance-1 collectd[769]: uc_update: Value too old: name = instance-1/processes-all/ps_cputime; value time = 1517149983.688; last cache update = 1517149983.702;
Jan 28 14:37:03 instance-1 collectd[769]: write_gcm: Asking metadata server for auth token
Jan 28 14:44:03 instance-1 collectd[769]: uc_update: Value too old: name = instance-1/processes-all/disk_octets; value time = 1517150643.716; last cache update = 1517150643.720;
Jan 28 15:10:48 instance-1 collectd[769]: write_gcm: Asking metadata server for auth token
Jan 28 15:17:02 instance-1 CRON[1261]: (root) CMD (   cd / && run-parts --report /etc/cron.hourly)
Jan 28 15:24:03 instance-1 collectd[769]: uc_update: Value too old: name = instance-1/processes-all/ps_rss; value time = 1517153043.728; last cache update = 1517153043.733;
Jan 28 15:24:03 instance-1 collectd[769]: uc_update: Value too old: name = instance-1/processes-all/disk_octets; value time = 1517153043.727; last cache update = 1517153043.733;
Jan 28 15:54:03 instance-1 collectd[769]: uc_update: Value too old: name = instance-1/processes-all/io_octets; value time = 1517154843.810; last cache update = 1517154843.811;
Jan 28 16:09:39 instance-1 collectd[769]: write_gcm: Asking metadata server for auth token
Jan 28 16:17:01 instance-1 CRON[2095]: (root) CMD (   cd / && run-parts --report /etc/cron.hourly)
Jan 28 16:26:03 instance-1 collectd[769]: uc_update: Value too old: name = instance-1/processes-all/ps_cputime; value time = 1517156763.782; last cache update = 1517156763.783;
Jan 28 16:27:03 instance-1 collectd[769]: uc_update: Value too old: name = instance-1/processes-all/ps_rss; value time = 1517156823.782; last cache update = 1517156823.782;
Jan 28 16:28:19 instance-1 collectd[769]: exec plugin: exec_read_one: error = curl: error while loading shared libraries: libresolv.so.2: cannot map zero-fill pages
Jan 28 16:29:03 instance-1 collectd[769]: uc_update: Value too old: name = instance-1/processes-all/ps_vm; value time = 1517156943.851; last cache update = 1517156943.852;
Jan 28 16:30:03 instance-1 collectd[769]: uc_update: Value too old: name = instance-1/processes-all/disk_octets; value time = 1517157003.780; last cache update = 1517157003.780;
Jan 28 16:30:03 instance-1 collectd[769]: uc_update: Value too old: name = instance-1/processes-all/io_octets; value time = 1517157003.780; last cache update = 1517157003.780;
Jan 28 16:30:03 instance-1 collectd[769]: uc_update: Value too old: name = instance-1/processes-all/ps_vm; value time = 1517157003.780; last cache update = 1517157003.780;
Jan 28 17:09:24 instance-1 collectd[769]: write_gcm: Asking metadata server for auth token
Jan 28 17:11:20 instance-1 google-accounts: INFO Removing user app.
Jan 28 17:12:41 localhost kernel: [    0.000000] Linux version 4.9.0-4-amd64 (debian-kernel@lists.debian.org) (gcc version 6.3.0 20170516 (Debian 6.3.0-18) ) #1 SMP Debian 4.9.65-3+deb9u1 (2017-12-23)
Jan 28 17:12:41 localhost kernel: [    0.000000] Command line: BOOT_IMAGE=/boot/vmlinuz-4.9.0-4-amd64 root=UUID=d3467f57-d52c-4300-96e1-f8e505e67b2e ro net.ifnames=0 biosdevname=0 console=ttyS0,38400n8 elevator=noop scsi_mod.use_blk_mq=Y
Jan 28 17:12:41 localhost kernel: [    0.000000] x86/fpu: Supporting XSAVE feature 0x001: 'x87 floating point registers'
Jan 28 17:12:41 localhost kernel: [    0.000000] x86/fpu: Supporting XSAVE feature 0x002: 'SSE registers'
Jan 28 17:12:41 localhost kernel: [    0.000000] x86/fpu: Supporting XSAVE feature 0x004: 'AVX registers'
Jan 28 17:12:41 localhost kernel: [    0.000000] x86/fpu: xstate_offset[2]:  576, xstate_sizes[2]:  256
Jan 28 17:12:41 localhost kernel: [    0.000000] x86/fpu: Enabled xstate features 0x7, context size is 832 bytes, using 'standard' format.
Jan 28 17:12:41 localhost kernel: [    0.000000] x86/fpu: Using 'eager' FPU context switches.
Jan 28 17:12:41 localhost kernel: [    0.000000] e820: BIOS-provided physical RAM map:
Jan 28 17:12:41 localhost kernel: [    0.000000] BIOS-e820: [mem 0x0000000000000000-0x000000000009fbff] usable
Jan 28 17:12:41 localhost kernel: [    0.000000] BIOS-e820: [mem 0x000000000009fc00-0x000000000009ffff] reserved
Jan 28 17:12:41 localhost kernel: [    0.000000] BIOS-e820: [mem 0x00000000000f0000-0x00000000000fffff] reserved
Jan 28 17:12:41 localhost kernel: [    0.000000] BIOS-e820: [mem 0x0000000000100000-0x00000000bfffcfff] usable
Jan 28 17:12:41 localhost kernel: [    0.000000] BIOS-e820: [mem 0x00000000bfffd000-0x00000000bfffffff] reserved
Jan 28 17:12:41 localhost kernel: [    0.000000] BIOS-e820: [mem 0x00000000fffbc000-0x00000000ffffffff] reserved
Jan 28 17:12:41 localhost kernel: [    0.000000] BIOS-e820: [mem 0x0000000100000000-0x000000017fffffff] usable
Jan 28 17:12:41 localhost kernel: [    0.000000] NX (Execute Disable) protection: active
Jan 28 17:12:41 localhost kernel: [    0.000000] SMBIOS 2.4 present.
Jan 28 17:12:41 localhost kernel: [    0.000000] DMI: Google Google Compute Engine/Google Compute Engine, BIOS Google 01/01/2011
Jan 28 17:12:41 localhost kernel: [    0.000000] Hypervisor detected: KVM
Jan 28 17:12:41 localhost kernel: [    0.000000] e820: update [mem 0x00000000-0x00000fff] usable ==> reserved
Jan 28 17:12:41 localhost kernel: [    0.000000] e820: remove [mem 0x000a0000-0x000fffff] usable
Jan 28 17:12:41 localhost kernel: [    0.000000] e820: last_pfn = 0x180000 max_arch_pfn = 0x400000000
Jan 28 17:12:41 localhost kernel: [    0.000000] MTRR default type: write-back
Jan 28 17:12:41 localhost kernel: [    0.000000] MTRR fixed ranges enabled:
Jan 28 17:12:41 localhost kernel: [    0.000000]   00000-9FFFF write-back
Jan 28 17:12:41 localhost kernel: [    0.000000]   A0000-BFFFF uncachable
Jan 28 17:12:41 localhost kernel: [    0.000000]   C0000-FFFFF write-protect
Jan 28 17:12:41 localhost kernel: [    0.000000] MTRR variable ranges enabled:
Jan 28 17:12:41 localhost kernel: [    0.000000]   0 base 0000C0000000 mask 3FFFC0000000 uncachable
Jan 28 17:12:41 localhost kernel: [    0.000000]   1 disabled
Jan 28 17:12:41 localhost kernel: [    0.000000]   2 disabled
Jan 28 17:12:41 localhost kernel: [    0.000000]   3 disabled
Jan 28 17:12:41 localhost kernel: [    0.000000]   4 disabled
Jan 28 17:12:41 localhost kernel: [    0.000000]   5 disabled
Jan 28 17:12:41 localhost kernel: [    0.000000]   6 disabled
Jan 28 17:12:41 localhost kernel: [    0.000000]   7 disabled
Jan 28 17:12:41 localhost kernel: [    0.000000] x86/PAT: Configuration [0-7]: WB  WC  UC- UC  WB  WC  UC- WT  
Jan 28 17:12:41 localhost kernel: [    0.000000] e820: last_pfn = 0xbfffd max_arch_pfn = 0x400000000
Jan 28 17:12:41 localhost kernel: [    0.000000] found SMP MP-table at [mem 0x000f32c0-0x000f32cf] mapped at [ffff889d800f32c0]
Jan 28 17:12:41 localhost kernel: [    0.000000] Base memory trampoline at [ffff889d80099000] 99000 size 24576
Jan 28 17:12:41 localhost kernel: [    0.000000] Using GB pages for direct mapping
Jan 28 17:12:41 localhost kernel: [    0.000000] BRK [0x13972f000, 0x13972ffff] PGTABLE
Jan 28 17:12:41 localhost kernel: [    0.000000] BRK [0x139730000, 0x139730fff] PGTABLE
Jan 28 17:12:41 localhost kernel: [    0.000000] BRK [0x139731000, 0x139731fff] PGTABLE
Jan 28 17:12:41 localhost kernel: [    0.000000] BRK [0x139732000, 0x139732fff] PGTABLE
Jan 28 17:12:41 localhost kernel: [    0.000000] BRK [0x139733000, 0x139733fff] PGTABLE
Jan 28 17:12:41 localhost kernel: [    0.000000] BRK [0x139734000, 0x139734fff] PGTABLE
Jan 28 17:12:41 localhost kernel: [    0.000000] RAMDISK: [mem 0x35d9b000-0x36ec4fff]
Jan 28 17:12:41 localhost kernel: [    0.000000] ACPI: Early table checksum verification disabled
Jan 28 17:12:41 localhost kernel: [    0.000000] ACPI: RSDP 0x00000000000F30B0 000014 (v00 Google)
Jan 28 17:12:41 localhost kernel: [    0.000000] ACPI: RSDT 0x00000000BFFFDCD0 000034 (v01 Google GOOGRSDT 00000001 GOOG 00000001)
Jan 28 17:12:41 localhost kernel: [    0.000000] ACPI: FACP 0x00000000BFFFFF00 0000F4 (v02 Google GOOGFACP 00000001 GOOG 00000001)
Jan 28 17:12:41 localhost kernel: [    0.000000] ACPI: DSDT 0x00000000BFFFDD10 0017B2 (v01 Google GOOGDSDT 00000001 GOOG 00000001)
Jan 28 17:12:41 localhost kernel: [    0.000000] ACPI: FACS 0x00000000BFFFFEC0 000040
Jan 28 17:12:41 localhost kernel: [    0.000000] ACPI: FACS 0x00000000BFFFFEC0 000040
Jan 28 17:12:41 localhost kernel: [    0.000000] ACPI: SSDT 0x00000000BFFFF5F0 0008CF (v01 Google GOOGSSDT 00000001 GOOG 00000001)
Jan 28 17:12:41 localhost kernel: [    0.000000] ACPI: APIC 0x00000000BFFFF500 00006E (v01 Google GOOGAPIC 00000001 GOOG 00000001)
Jan 28 17:12:41 localhost kernel: [    0.000000] ACPI: WAET 0x00000000BFFFF4D0 000028 (v01 Google GOOGWAET 00000001 GOOG 00000001)
Jan 28 17:12:41 localhost kernel: [    0.000000] ACPI: Local APIC address 0xfee00000
Jan 28 17:12:41 localhost kernel: [    0.000000] No NUMA configuration found
Jan 28 17:12:41 localhost kernel: [    0.000000] Faking a node at [mem 0x0000000000000000-0x000000017fffffff]
Jan 28 17:12:41 localhost kernel: [    0.000000] NODE_DATA(0) allocated [mem 0x17fffb000-0x17fffffff]
Jan 28 17:12:41 localhost kernel: [    0.000000] kvm-clock: Using msrs 4b564d01 and 4b564d00
Jan 28 17:12:41 localhost kernel: [    0.000000] kvm-clock: cpu 0, msr 1:7fff3001, primary cpu clock
Jan 28 17:12:41 localhost kernel: [    0.000000] kvm-clock: using sched offset of 2496785599 cycles
Jan 28 17:12:41 localhost kernel: [    0.000000] clocksource: kvm-clock: mask: 0xffffffffffffffff max_cycles: 0x1cd42e4dffb, max_idle_ns: 881590591483 ns
Jan 28 17:12:41 localhost kernel: [    0.000000] Zone ranges:
Jan 28 17:12:41 localhost kernel: [    0.000000]   DMA      [mem 0x0000000000001000-0x0000000000ffffff]
Jan 28 17:12:41 localhost kernel: [    0.000000]   DMA32    [mem 0x0000000001000000-0x00000000ffffffff]
Jan 28 17:12:41 localhost kernel: [    0.000000]   Normal   [mem 0x0000000100000000-0x000000017fffffff]
Jan 28 17:12:41 localhost kernel: [    0.000000]   Device   empty
Jan 28 17:12:41 localhost kernel: [    0.000000] Movable zone start for each node
Jan 28 17:12:41 localhost kernel: [    0.000000] Early memory node ranges
Jan 28 17:12:41 localhost kernel: [    0.000000]   node   0: [mem 0x0000000000001000-0x000000000009efff]
Jan 28 17:12:41 localhost kernel: [    0.000000]   node   0: [mem 0x0000000000100000-0x00000000bfffcfff]
Jan 28 17:12:41 localhost kernel: [    0.000000]   node   0: [mem 0x0000000100000000-0x000000017fffffff]
Jan 28 17:12:41 localhost kernel: [    0.000000] Initmem setup node 0 [mem 0x0000000000001000-0x000000017fffffff]
Jan 28 17:12:41 localhost kernel: [    0.000000] On node 0 totalpages: 1310619
Jan 28 17:12:41 localhost kernel: [    0.000000]   DMA zone: 64 pages used for memmap
Jan 28 17:12:41 localhost kernel: [    0.000000]   DMA zone: 21 pages reserved
Jan 28 17:12:41 localhost kernel: [    0.000000]   DMA zone: 3998 pages, LIFO batch:0
Jan 28 17:12:41 localhost kernel: [    0.000000]   DMA32 zone: 12224 pages used for memmap
Jan 28 17:12:41 localhost kernel: [    0.000000]   DMA32 zone: 782333 pages, LIFO batch:31
Jan 28 17:12:41 localhost kernel: [    0.000000]   Normal zone: 8192 pages used for memmap
Jan 28 17:12:41 localhost kernel: [    0.000000]   Normal zone: 524288 pages, LIFO batch:31
Jan 28 17:12:41 localhost kernel: [    0.000000] ACPI: PM-Timer IO Port: 0xb008
Jan 28 17:12:41 localhost kernel: [    0.000000] ACPI: Local APIC address 0xfee00000
Jan 28 17:12:41 localhost kernel: [    0.000000] ACPI: LAPIC_NMI (acpi_id[0xff] dfl dfl lint[0x1])
Jan 28 17:12:41 localhost kernel: [    0.000000] IOAPIC[0]: apic_id 0, version 17, address 0xfec00000, GSI 0-23
Jan 28 17:12:41 localhost kernel: [    0.000000] ACPI: INT_SRC_OVR (bus 0 bus_irq 5 global_irq 5 high level)
Jan 28 17:12:41 localhost kernel: [    0.000000] ACPI: INT_SRC_OVR (bus 0 bus_irq 9 global_irq 9 high level)
Jan 28 17:12:41 localhost kernel: [    0.000000] ACPI: INT_SRC_OVR (bus 0 bus_irq 10 global_irq 10 high level)
Jan 28 17:12:41 localhost kernel: [    0.000000] ACPI: INT_SRC_OVR (bus 0 bus_irq 11 global_irq 11 high level)
Jan 28 17:12:41 localhost kernel: [    0.000000] ACPI: IRQ5 used by override.
Jan 28 17:12:41 localhost kernel: [    0.000000] ACPI: IRQ9 used by override.
Jan 28 17:12:41 localhost kernel: [    0.000000] ACPI: IRQ10 used by override.
Jan 28 17:12:41 localhost kernel: [    0.000000] ACPI: IRQ11 used by override.
Jan 28 17:12:41 localhost kernel: [    0.000000] Using ACPI (MADT) for SMP configuration information
Jan 28 17:12:41 localhost kernel: [    0.000000] smpboot: Allowing 1 CPUs, 0 hotplug CPUs
Jan 28 17:12:41 localhost kernel: [    0.000000] PM: Registered nosave memory: [mem 0x00000000-0x00000fff]
Jan 28 17:12:41 localhost kernel: [    0.000000] PM: Registered nosave memory: [mem 0x0009f000-0x0009ffff]
Jan 28 17:12:41 localhost kernel: [    0.000000] PM: Registered nosave memory: [mem 0x000a0000-0x000effff]
Jan 28 17:12:41 localhost kernel: [    0.000000] PM: Registered nosave memory: [mem 0x000f0000-0x000fffff]
Jan 28 17:12:41 localhost kernel: [    0.000000] PM: Registered nosave memory: [mem 0xbfffd000-0xbfffffff]
Jan 28 17:12:41 localhost kernel: [    0.000000] PM: Registered nosave memory: [mem 0xc0000000-0xfffbbfff]
Jan 28 17:12:41 localhost kernel: [    0.000000] PM: Registered nosave memory: [mem 0xfffbc000-0xffffffff]
Jan 28 17:12:41 localhost kernel: [    0.000000] e820: [mem 0xc0000000-0xfffbbfff] available for PCI devices
Jan 28 17:12:41 localhost kernel: [    0.000000] Booting paravirtualized kernel on KVM
Jan 28 17:12:41 localhost kernel: [    0.000000] clocksource: refined-jiffies: mask: 0xffffffff max_cycles: 0xffffffff, max_idle_ns: 7645519600211568 ns
Jan 28 17:12:41 localhost kernel: [    0.000000] setup_percpu: NR_CPUS:512 nr_cpumask_bits:512 nr_cpu_ids:1 nr_node_ids:1
Jan 28 17:12:41 localhost kernel: [    0.000000] percpu: Embedded 35 pages/cpu @ffff889effc00000 s103448 r8192 d31720 u2097152
Jan 28 17:12:41 localhost kernel: [    0.000000] pcpu-alloc: s103448 r8192 d31720 u2097152 alloc=1*2097152
Jan 28 17:12:41 localhost kernel: [    0.000000] pcpu-alloc: [0] 0 
Jan 28 17:12:41 localhost kernel: [    0.000000] Built 1 zonelists in Node order, mobility grouping on.  Total pages: 1290118
Jan 28 17:12:41 localhost kernel: [    0.000000] Policy zone: Normal
Jan 28 17:12:41 localhost kernel: [    0.000000] Kernel command line: BOOT_IMAGE=/boot/vmlinuz-4.9.0-4-amd64 root=UUID=d3467f57-d52c-4300-96e1-f8e505e67b2e ro net.ifnames=0 biosdevname=0 console=ttyS0,38400n8 elevator=noop scsi_mod.use_blk_mq=Y
Jan 28 17:12:41 localhost kernel: [    0.000000] PID hash table entries: 4096 (order: 3, 32768 bytes)
Jan 28 17:12:41 localhost kernel: [    0.000000] Calgary: detecting Calgary via BIOS EBDA area
Jan 28 17:12:41 localhost kernel: [    0.000000] Calgary: Unable to locate Rio Grande table in EBDA - bailing!
Jan 28 17:12:41 localhost kernel: [    0.000000] Memory: 5061096K/5242476K available (6195K kernel code, 1137K rwdata, 2856K rodata, 1396K init, 688K bss, 181380K reserved, 0K cma-reserved)
Jan 28 17:12:41 localhost kernel: [    0.000000] Hierarchical RCU implementation.
Jan 28 17:12:41 localhost kernel: [    0.000000] 	Build-time adjustment of leaf fanout to 64.
Jan 28 17:12:41 localhost kernel: [    0.000000] 	RCU restricting CPUs from NR_CPUS=512 to nr_cpu_ids=1.
Jan 28 17:12:41 localhost kernel: [    0.000000] RCU: Adjusting geometry for rcu_fanout_leaf=64, nr_cpu_ids=1
Jan 28 17:12:41 localhost kernel: [    0.000000] NR_IRQS:33024 nr_irqs:256 16
Jan 28 17:12:41 localhost kernel: [    0.000000] Console: colour VGA+ 80x25
Jan 28 17:12:41 localhost kernel: [    0.000000] console [ttyS0] enabled
Jan 28 17:12:41 localhost kernel: [    0.000000] tsc: Detected 2300.000 MHz processor
Jan 28 17:12:41 localhost kernel: [    0.181562] Calibrating delay loop (skipped) preset value.. 4600.00 BogoMIPS (lpj=9200000)
Jan 28 17:12:41 localhost kernel: [    0.182841] pid_max: default: 32768 minimum: 301
Jan 28 17:12:41 localhost kernel: [    0.183606] ACPI: Core revision 20160831
Jan 28 17:12:41 localhost kernel: [    0.185420] ACPI: 2 ACPI AML tables successfully acquired and loaded
Jan 28 17:12:41 localhost kernel: [    0.186658] Security Framework initialized
Jan 28 17:12:41 localhost kernel: [    0.187971] Yama: disabled by default; enable with sysctl kernel.yama.*
Jan 28 17:12:41 localhost kernel: [    0.189191] AppArmor: AppArmor disabled by boot time parameter
Jan 28 17:12:41 localhost kernel: [    0.191090] Dentry cache hash table entries: 1048576 (order: 11, 8388608 bytes)
Jan 28 17:12:41 localhost kernel: [    0.196369] Inode-cache hash table entries: 524288 (order: 10, 4194304 bytes)
Jan 28 17:12:41 localhost kernel: [    0.198990] Mount-cache hash table entries: 16384 (order: 5, 131072 bytes)
Jan 28 17:12:41 localhost kernel: [    0.200147] Mountpoint-cache hash table entries: 16384 (order: 5, 131072 bytes)
Jan 28 17:12:41 localhost kernel: [    0.201657] CPU: Physical Processor ID: 0
Jan 28 17:12:41 localhost kernel: [    0.202292] mce: CPU supports 32 MCE banks
Jan 28 17:12:41 localhost kernel: [    0.203095] Last level iTLB entries: 4KB 1024, 2MB 1024, 4MB 1024
Jan 28 17:12:41 localhost kernel: [    0.203979] Last level dTLB entries: 4KB 1024, 2MB 1024, 4MB 1024, 1GB 4
Jan 28 17:12:41 localhost kernel: [    0.218098] Freeing SMP alternatives memory: 24K
Jan 28 17:12:41 localhost kernel: [    0.225197] ftrace: allocating 25200 entries in 99 pages
Jan 28 17:12:41 localhost kernel: [    0.258737] smpboot: x86_max_cores == zero !?!?
Jan 28 17:12:41 localhost kernel: [    0.259581] smpboot: Max logical packages: 1
Jan 28 17:12:41 localhost kernel: [    0.260955] x2apic enabled
Jan 28 17:12:41 localhost kernel: [    0.262816] Switched APIC routing to physical x2apic.
Jan 28 17:12:41 localhost kernel: [    0.266477] ..TIMER: vector=0x30 apic1=0 pin1=0 apic2=-1 pin2=-1
Jan 28 17:12:41 localhost kernel: [    0.372674] smpboot: CPU0: Intel(R) Xeon(R) CPU @ 2.30GHz (family: 0x6, model: 0x3f, stepping: 0x0)
Jan 28 17:12:41 localhost kernel: [    0.374482] Performance Events: unsupported p6 CPU model 63 no PMU driver, software events only.
Jan 28 17:12:41 localhost kernel: [    0.377233] x86: Booted up 1 node, 1 CPUs
Jan 28 17:12:41 localhost kernel: [    0.377941] smpboot: Total of 1 processors activated (4600.00 BogoMIPS)
Jan 28 17:12:41 localhost kernel: [    0.380025] devtmpfs: initialized
Jan 28 17:12:41 localhost kernel: [    0.380600] x86/mm: Memory block size: 128MB
Jan 28 17:12:41 localhost kernel: [    0.383863] clocksource: jiffies: mask: 0xffffffff max_cycles: 0xffffffff, max_idle_ns: 7645041785100000 ns
Jan 28 17:12:41 localhost kernel: [    0.385326] futex hash table entries: 256 (order: 2, 16384 bytes)
Jan 28 17:12:41 localhost kernel: [    0.386383] pinctrl core: initialized pinctrl subsystem
Jan 28 17:12:41 localhost kernel: [    0.388188] NET: Registered protocol family 16
Jan 28 17:12:41 localhost kernel: [    0.389178] cpuidle: using governor ladder
Jan 28 17:12:41 localhost kernel: [    0.389866] cpuidle: using governor menu
Jan 28 17:12:41 localhost kernel: [    0.390708] ACPI: bus type PCI registered
Jan 28 17:12:41 localhost kernel: [    0.391359] acpiphp: ACPI Hot Plug PCI Controller Driver version: 0.5
Jan 28 17:12:41 localhost kernel: [    0.392436] PCI: Using configuration type 1 for base access
Jan 28 17:12:41 localhost kernel: [    0.394026] HugeTLB registered 1 GB page size, pre-allocated 0 pages
Jan 28 17:12:41 localhost kernel: [    0.395007] HugeTLB registered 2 MB page size, pre-allocated 0 pages
Jan 28 17:12:41 localhost kernel: [    0.396214] ACPI: Added _OSI(Module Device)
Jan 28 17:12:41 localhost kernel: [    0.396810] ACPI: Added _OSI(Processor Device)
Jan 28 17:12:41 localhost kernel: [    0.397528] ACPI: Added _OSI(3.0 _SCP Extensions)
Jan 28 17:12:41 localhost kernel: [    0.398206] ACPI: Added _OSI(Processor Aggregator Device)
Jan 28 17:12:41 localhost kernel: [    0.399475] ACPI: Executed 2 blocks of module-level executable AML code
Jan 28 17:12:41 localhost kernel: [    0.401769] ACPI: Interpreter enabled
Jan 28 17:12:41 localhost kernel: [    0.402397] ACPI: (supports S0 S3 S4 S5)
Jan 28 17:12:41 localhost kernel: [    0.402985] ACPI: Using IOAPIC for interrupt routing
Jan 28 17:12:41 localhost kernel: [    0.403799] PCI: Using host bridge windows from ACPI; if necessary, use "pci=nocrs" and report a bug
Jan 28 17:12:41 localhost kernel: [    0.407260] ACPI: PCI Root Bridge [PCI0] (domain 0000 [bus 00-ff])
Jan 28 17:12:41 localhost kernel: [    0.408393] acpi PNP0A03:00: _OSC: OS supports [ASPM ClockPM Segments MSI]
Jan 28 17:12:41 localhost kernel: [    0.409420] acpi PNP0A03:00: _OSC failed (AE_NOT_FOUND); disabling ASPM
Jan 28 17:12:41 localhost kernel: [    0.410508] acpi PNP0A03:00: fail to add MMCONFIG information, can't access extended PCI configuration space under this bridge.
Jan 28 17:12:41 localhost kernel: [    0.413099] PCI host bridge to bus 0000:00
Jan 28 17:12:41 localhost kernel: [    0.413861] pci_bus 0000:00: root bus resource [io  0x0000-0x0cf7 window]
Jan 28 17:12:41 localhost kernel: [    0.414855] pci_bus 0000:00: root bus resource [io  0x0d00-0xffff window]
Jan 28 17:12:41 localhost kernel: [    0.415812] pci_bus 0000:00: root bus resource [mem 0x000a0000-0x000bffff window]
Jan 28 17:12:41 localhost kernel: [    0.416830] pci_bus 0000:00: root bus resource [mem 0xc0000000-0xfebfffff window]
Jan 28 17:12:41 localhost kernel: [    0.417889] pci_bus 0000:00: root bus resource [bus 00-ff]
Jan 28 17:12:41 localhost kernel: [    0.418726] pci 0000:00:00.0: [8086:1237] type 00 class 0x060000
Jan 28 17:12:41 localhost kernel: [    0.419111] pci 0000:00:01.0: [8086:7110] type 00 class 0x060100
Jan 28 17:12:41 localhost kernel: [    0.434762] pci 0000:00:01.3: [8086:7113] type 00 class 0x068000
Jan 28 17:12:41 localhost kernel: [    0.451482] pci 0000:00:01.3: quirk: [io  0xb000-0xb03f] claimed by PIIX4 ACPI
Jan 28 17:12:41 localhost kernel: [    0.453043] pci 0000:00:03.0: [1af4:1004] type 00 class 0x000000
Jan 28 17:12:41 localhost kernel: [    0.458500] pci 0000:00:03.0: reg 0x10: [io  0xc000-0xc03f]
Jan 28 17:12:41 localhost kernel: [    0.463481] pci 0000:00:03.0: reg 0x14: [mem 0xfebfe000-0xfebfe07f]
Jan 28 17:12:41 localhost kernel: [    0.479173] pci 0000:00:04.0: [1af4:1000] type 00 class 0x020000
Jan 28 17:12:41 localhost kernel: [    0.483623] pci 0000:00:04.0: reg 0x10: [io  0xc040-0xc07f]
Jan 28 17:12:41 localhost kernel: [    0.488004] pci 0000:00:04.0: reg 0x14: [mem 0xfebff000-0xfebff03f]
Jan 28 17:12:41 localhost kernel: [    0.503816] ACPI: PCI Interrupt Link [LNKA] (IRQs 5 *10 11)
Jan 28 17:12:41 localhost kernel: [    0.506435] ACPI: PCI Interrupt Link [LNKB] (IRQs 5 *10 11)
Jan 28 17:12:41 localhost kernel: [    0.509406] ACPI: PCI Interrupt Link [LNKC] (IRQs 5 10 *11)
Jan 28 17:12:41 localhost kernel: [    0.511825] ACPI: PCI Interrupt Link [LNKD] (IRQs 5 10 *11)
Jan 28 17:12:41 localhost kernel: [    0.514197] ACPI: PCI Interrupt Link [LNKS] (IRQs *9)
Jan 28 17:12:41 localhost kernel: [    0.515753] ACPI: Enabled 16 GPEs in block 00 to 0F
Jan 28 17:12:41 localhost kernel: [    0.516715] vgaarb: loaded
Jan 28 17:12:41 localhost kernel: [    0.517177] PCI: Using ACPI for IRQ routing
Jan 28 17:12:41 localhost kernel: [    0.517770] PCI: pci_cache_line_size set to 64 bytes
Jan 28 17:12:41 localhost kernel: [    0.517858] e820: reserve RAM buffer [mem 0x0009fc00-0x0009ffff]
Jan 28 17:12:41 localhost kernel: [    0.517859] e820: reserve RAM buffer [mem 0xbfffd000-0xbfffffff]
Jan 28 17:12:41 localhost kernel: [    0.517997] clocksource: Switched to clocksource kvm-clock
Jan 28 17:12:41 localhost kernel: [    0.527748] VFS: Disk quotas dquot_6.6.0
Jan 28 17:12:41 localhost kernel: [    0.528389] VFS: Dquot-cache hash table entries: 512 (order 0, 4096 bytes)
Jan 28 17:12:41 localhost kernel: [    0.529509] pnp: PnP ACPI init
Jan 28 17:12:41 localhost kernel: [    0.530023] pnp 00:00: Plug and Play ACPI device, IDs PNP0b00 (active)
Jan 28 17:12:41 localhost kernel: [    0.530085] pnp 00:01: Plug and Play ACPI device, IDs PNP0303 (active)
Jan 28 17:12:41 localhost kernel: [    0.530127] pnp 00:02: Plug and Play ACPI device, IDs PNP0f13 (active)
Jan 28 17:12:41 localhost kernel: [    0.530173] pnp 00:03: Plug and Play ACPI device, IDs PNP0501 (active)
Jan 28 17:12:41 localhost kernel: [    0.530213] pnp 00:04: Plug and Play ACPI device, IDs PNP0501 (active)
Jan 28 17:12:41 localhost kernel: [    0.530257] pnp 00:05: Plug and Play ACPI device, IDs PNP0501 (active)
Jan 28 17:12:41 localhost kernel: [    0.530303] pnp 00:06: Plug and Play ACPI device, IDs PNP0501 (active)
Jan 28 17:12:41 localhost kernel: [    0.530449] pnp: PnP ACPI: found 7 devices
Jan 28 17:12:41 localhost kernel: [    0.536650] clocksource: acpi_pm: mask: 0xffffff max_cycles: 0xffffff, max_idle_ns: 2085701024 ns
Jan 28 17:12:41 localhost kernel: [    0.538117] pci_bus 0000:00: resource 4 [io  0x0000-0x0cf7 window]
Jan 28 17:12:41 localhost kernel: [    0.538119] pci_bus 0000:00: resource 5 [io  0x0d00-0xffff window]
Jan 28 17:12:41 localhost kernel: [    0.538120] pci_bus 0000:00: resource 6 [mem 0x000a0000-0x000bffff window]
Jan 28 17:12:41 localhost kernel: [    0.538122] pci_bus 0000:00: resource 7 [mem 0xc0000000-0xfebfffff window]
Jan 28 17:12:41 localhost kernel: [    0.538209] NET: Registered protocol family 2
Jan 28 17:12:41 localhost kernel: [    0.540139] TCP established hash table entries: 65536 (order: 7, 524288 bytes)
Jan 28 17:12:41 localhost kernel: [    0.542285] TCP bind hash table entries: 65536 (order: 8, 1048576 bytes)
Jan 28 17:12:41 localhost kernel: [    0.543672] TCP: Hash tables configured (established 65536 bind 65536)
Jan 28 17:12:41 localhost kernel: [    0.545126] UDP hash table entries: 4096 (order: 5, 131072 bytes)
Jan 28 17:12:41 localhost kernel: [    0.546633] UDP-Lite hash table entries: 4096 (order: 5, 131072 bytes)
Jan 28 17:12:41 localhost kernel: [    0.547984] NET: Registered protocol family 1
Jan 28 17:12:41 localhost kernel: [    0.549215] pci 0000:00:00.0: Limiting direct PCI/PCI transfers
Jan 28 17:12:41 localhost kernel: [    0.550956] PCI: CLS 0 bytes, default 64
Jan 28 17:12:41 localhost kernel: [    0.551678] Unpacking initramfs...
Jan 28 17:12:41 localhost kernel: [    0.878500] Freeing initrd memory: 17576K
Jan 28 17:12:41 localhost kernel: [    0.880683] PCI-DMA: Using software bounce buffering for IO (SWIOTLB)
Jan 28 17:12:41 localhost kernel: [    0.881961] software IO TLB [mem 0xbbffd000-0xbfffd000] (64MB) mapped at [ffff889e3bffd000-ffff889e3fffcfff]
Jan 28 17:12:41 localhost kernel: [    0.883926] audit: initializing netlink subsys (disabled)
Jan 28 17:12:41 localhost kernel: [    0.884761] audit: type=2000 audit(1517159555.111:1): initialized
Jan 28 17:12:41 localhost kernel: [    0.886077] workingset: timestamp_bits=40 max_order=21 bucket_order=0
Jan 28 17:12:41 localhost kernel: [    0.887359] zbud: loaded
Jan 28 17:12:41 localhost kernel: [    0.888704] Block layer SCSI generic (bsg) driver version 0.4 loaded (major 250)
Jan 28 17:12:41 localhost kernel: [    0.889769] io scheduler noop registered (default)
Jan 28 17:12:41 localhost kernel: [    0.890431] io scheduler deadline registered
Jan 28 17:12:41 localhost kernel: [    0.891163] io scheduler cfq registered
Jan 28 17:12:41 localhost kernel: [    0.892049] pci_hotplug: PCI Hot Plug PCI Core version: 0.5
Jan 28 17:12:41 localhost kernel: [    0.892827] pciehp: PCI Express Hot Plug Controller Driver version: 0.4
Jan 28 17:12:41 localhost kernel: [    0.893779] intel_idle: does not run on family 6 model 63
Jan 28 17:12:41 localhost kernel: [    0.893841] GHES: HEST is not enabled!
Jan 28 17:12:41 localhost kernel: [    0.894517] Serial: 8250/16550 driver, 4 ports, IRQ sharing enabled
Jan 28 17:12:41 localhost kernel: [    0.917294] 00:03: ttyS0 at I/O 0x3f8 (irq = 4, base_baud = 115200) is a 16550A
Jan 28 17:12:41 localhost kernel: [    0.939812] 00:04: ttyS1 at I/O 0x2f8 (irq = 3, base_baud = 115200) is a 16550A
Jan 28 17:12:41 localhost kernel: [    0.963290] 00:05: ttyS2 at I/O 0x3e8 (irq = 6, base_baud = 115200) is a 16550A
Jan 28 17:12:41 localhost kernel: [    0.986415] 00:06: ttyS3 at I/O 0x2e8 (irq = 7, base_baud = 115200) is a 16550A
Jan 28 17:12:41 localhost kernel: [    0.987913] Linux agpgart interface v0.103
Jan 28 17:12:41 localhost kernel: [    0.991691] AMD IOMMUv2 driver by Joerg Roedel <jroedel@suse.de>
Jan 28 17:12:41 localhost kernel: [    0.992567] AMD IOMMUv2 functionality not available on this system
Jan 28 17:12:41 localhost kernel: [    0.994307] i8042: PNP: PS/2 Controller [PNP0303:KBD,PNP0f13:MOU] at 0x60,0x64 irq 1,12
Jan 28 17:12:41 localhost kernel: [    0.996122] i8042: Warning: Keylock active
Jan 28 17:12:41 localhost kernel: [    0.997487] serio: i8042 KBD port at 0x60,0x64 irq 1
Jan 28 17:12:41 localhost kernel: [    0.998798] serio: i8042 AUX port at 0x60,0x64 irq 12
Jan 28 17:12:41 localhost kernel: [    1.000029] mousedev: PS/2 mouse device common for all mice
Jan 28 17:12:41 localhost kernel: [    1.001380] rtc_cmos 00:00: RTC can wake from S4
Jan 28 17:12:41 localhost kernel: [    1.002872] rtc_cmos 00:00: rtc core: registered rtc_cmos as rtc0
Jan 28 17:12:41 localhost kernel: [    1.004731] rtc_cmos 00:00: alarms up to one day, 114 bytes nvram
Jan 28 17:12:41 localhost kernel: [    1.006228] ledtrig-cpu: registered to indicate activity on CPUs
Jan 28 17:12:41 localhost kernel: [    1.007562] NET: Registered protocol family 10
Jan 28 17:12:41 localhost kernel: [    1.008346] mip6: Mobile IPv6
Jan 28 17:12:41 localhost kernel: [    1.009103] NET: Registered protocol family 17
Jan 28 17:12:41 localhost kernel: [    1.010042] mpls_gso: MPLS GSO support
Jan 28 17:12:41 localhost kernel: [    1.011143] microcode: sig=0x306f0, pf=0x1, revision=0x1
Jan 28 17:12:41 localhost kernel: [    1.012270] microcode: Microcode Update Driver: v2.01 <tigran@aivazian.fsnet.co.uk>, Peter Oruba
Jan 28 17:12:41 localhost kernel: [    1.014266] registered taskstats version 1
Jan 28 17:12:41 localhost kernel: [    1.015191] zswap: loaded using pool lzo/zbud
Jan 28 17:12:41 localhost kernel: [    1.016273] ima: No TPM chip found, activating TPM-bypass!
Jan 28 17:12:41 localhost kernel: [    1.017815] rtc_cmos 00:00: setting system clock to 2018-01-28 17:12:35 UTC (1517159555)
Jan 28 17:12:41 localhost kernel: [    1.019656] PM: Hibernation image not present or could not be loaded.
Jan 28 17:12:41 localhost kernel: [    1.021007] Freeing unused kernel memory: 1396K
Jan 28 17:12:41 localhost kernel: [    1.021892] Write protecting the kernel read-only data: 12288k
Jan 28 17:12:41 localhost kernel: [    1.023727] Freeing unused kernel memory: 1980K
Jan 28 17:12:41 localhost kernel: [    1.028773] Freeing unused kernel memory: 1240K
Jan 28 17:12:41 localhost kernel: [    1.033617] x86/mm: Checked W+X mappings: passed, no W+X pages found.
Jan 28 17:12:41 localhost kernel: [    1.046358] random: systemd-udevd: uninitialized urandom read (16 bytes read)
Jan 28 17:12:41 localhost kernel: [    1.047703] random: systemd-udevd: uninitialized urandom read (16 bytes read)
Jan 28 17:12:41 localhost kernel: [    1.048967] random: systemd-udevd: uninitialized urandom read (16 bytes read)
Jan 28 17:12:41 localhost kernel: [    1.050245] random: udevadm: uninitialized urandom read (16 bytes read)
Jan 28 17:12:41 localhost kernel: [    1.051249] random: udevadm: uninitialized urandom read (16 bytes read)
Jan 28 17:12:41 localhost kernel: [    1.052595] random: udevadm: uninitialized urandom read (16 bytes read)
Jan 28 17:12:41 localhost kernel: [    1.053626] random: udevadm: uninitialized urandom read (16 bytes read)
Jan 28 17:12:41 localhost kernel: [    1.055372] random: udevadm: uninitialized urandom read (16 bytes read)
Jan 28 17:12:41 localhost kernel: [    1.057131] random: udevadm: uninitialized urandom read (16 bytes read)
Jan 28 17:12:41 localhost kernel: [    1.058311] random: udevadm: uninitialized urandom read (16 bytes read)
Jan 28 17:12:41 localhost kernel: [    1.075472] piix4_smbus 0000:00:01.3: SMBus base address uninitialized - upgrade BIOS or use force_addr=0xaddr
Jan 28 17:12:41 localhost kernel: [    1.084188] ACPI: PCI Interrupt Link [LNKC] enabled at IRQ 11
Jan 28 17:12:41 localhost kernel: [    1.085191] virtio-pci 0000:00:03.0: virtio_pci: leaving for legacy driver
Jan 28 17:12:41 localhost kernel: [    1.104498] AVX2 version of gcm_enc/dec engaged.
Jan 28 17:12:41 localhost kernel: [    1.105349] AES CTR mode by8 optimization enabled
Jan 28 17:12:41 localhost kernel: [    1.117163] ACPI: PCI Interrupt Link [LNKD] enabled at IRQ 10
Jan 28 17:12:41 localhost kernel: [    1.118182] virtio-pci 0000:00:04.0: virtio_pci: leaving for legacy driver
Jan 28 17:12:41 localhost kernel: [    1.132226] SCSI subsystem initialized
Jan 28 17:12:41 localhost kernel: [    1.152189] scsi host0: Virtio SCSI HBA
Jan 28 17:12:41 localhost kernel: [    1.160431] scsi 0:0:1:0: Direct-Access     Google   PersistentDisk   1    PQ: 0 ANSI: 6
Jan 28 17:12:41 localhost kernel: [    1.172028] random: fast init done
Jan 28 17:12:41 localhost kernel: [    1.176800] sd 0:0:1:0: [sda] 20971520 512-byte logical blocks: (10.7 GB/10.0 GiB)
Jan 28 17:12:41 localhost kernel: [    1.178196] sd 0:0:1:0: [sda] 4096-byte physical blocks
Jan 28 17:12:41 localhost kernel: [    1.179406] sd 0:0:1:0: [sda] Write Protect is off
Jan 28 17:12:41 localhost kernel: [    1.180305] sd 0:0:1:0: [sda] Mode Sense: 1f 00 00 08
Jan 28 17:12:41 localhost kernel: [    1.180333] sd 0:0:1:0: [sda] Write cache: enabled, read cache: enabled, doesn't support DPO or FUA
Jan 28 17:12:41 localhost kernel: [    1.183574]  sda: sda1
Jan 28 17:12:41 localhost kernel: [    1.184575] sd 0:0:1:0: [sda] Attached SCSI disk
Jan 28 17:12:41 localhost kernel: [    1.202265] input: AT Translated Set 2 keyboard as /devices/platform/i8042/serio0/input/input0
Jan 28 17:12:41 localhost kernel: [    1.851350] input: ImPS/2 Generic Wheel Mouse as /devices/platform/i8042/serio1/input/input2
Jan 28 17:12:41 localhost kernel: [    1.910068] tsc: Refined TSC clocksource calibration: 2299.793 MHz
Jan 28 17:12:41 localhost kernel: [    1.911084] clocksource: tsc: mask: 0xffffffffffffffff max_cycles: 0x212671cc3ca, max_idle_ns: 440795297541 ns
Jan 28 17:12:41 localhost kernel: [    2.965710] EXT4-fs (sda1): mounted filesystem with ordered data mode. Opts: (null)
Jan 28 17:12:41 localhost kernel: [    4.400169] ip_tables: (C) 2000-2006 Netfilter Core Team
Jan 28 17:12:41 localhost kernel: [    5.690832] EXT4-fs (sda1): re-mounted. Opts: (null)
Jan 28 17:12:41 localhost kernel: [    6.398314] input: Power Button as /devices/LNXSYSTM:00/LNXPWRBN:00/input/input3
Jan 28 17:12:41 localhost kernel: [    6.399601] ACPI: Power Button [PWRF]
Jan 28 17:12:41 localhost kernel: [    6.400294] input: Sleep Button as /devices/LNXSYSTM:00/LNXSLPBN:00/input/input4
Jan 28 17:12:41 localhost kernel: [    6.403091] ACPI: Sleep Button [SLPF]
Jan 28 17:12:41 localhost kernel: [    6.443677] sd 0:0:1:0: Attached scsi generic sg0 type 0
Jan 28 17:12:41 localhost kernel: [    6.460790] RAPL PMU: API unit is 2^-32 Joules, 4 fixed counters, 10737418240 ms ovfl timer
Jan 28 17:12:41 localhost kernel: [    6.462180] RAPL PMU: hw unit of domain pp0-core 2^-0 Joules
Jan 28 17:12:41 localhost kernel: [    6.463036] RAPL PMU: hw unit of domain package 2^-0 Joules
Jan 28 17:12:41 localhost kernel: [    6.463883] RAPL PMU: hw unit of domain dram 2^-0 Joules
Jan 28 17:12:41 localhost kernel: [    6.464679] RAPL PMU: hw unit of domain pp1-gpu 2^-0 Joules
Jan 28 17:12:41 localhost kernel: [    6.500608] ppdev: user-space parallel port driver
Jan 28 17:12:41 localhost kernel: [    6.556118] EDAC MC: Ver: 3.0.0
Jan 28 17:12:41 localhost kernel: [    6.558644] EDAC sbridge: Seeking for: PCI ID 8086:2fa0
Jan 28 17:12:41 localhost kernel: [    6.558646] EDAC sbridge:  Ver: 1.1.1 
Jan 28 17:12:41 localhost systemd[1]: Started Create list of required static device nodes for the current kernel.
Jan 28 17:12:41 localhost systemd[1]: Started Load Kernel Modules.
Jan 28 17:12:41 localhost systemd[1]: Started Remount Root and Kernel File Systems.
Jan 28 17:12:41 localhost systemd[1]: Starting Load/Save Random Seed...
Jan 28 17:12:41 localhost systemd[1]: Starting udev Coldplug all Devices...
Jan 28 17:12:41 localhost systemd[1]: Starting Apply Kernel Variables...
Jan 28 17:12:41 localhost systemd[1]: Starting Create Static Device Nodes in /dev...
Jan 28 17:12:41 localhost systemd[1]: Starting Flush Journal to Persistent Storage...
Jan 28 17:12:41 localhost systemd[1]: Started Load/Save Random Seed.
Jan 28 17:12:41 localhost systemd[1]: Started Apply Kernel Variables.
Jan 28 17:12:41 localhost systemd[1]: Started Flush Journal to Persistent Storage.
Jan 28 17:12:41 localhost systemd[1]: Started udev Coldplug all Devices.
Jan 28 17:12:41 localhost systemd[1]: Started Create Static Device Nodes in /dev.
Jan 28 17:12:41 localhost systemd[1]: Reached target Local File Systems (Pre).
Jan 28 17:12:41 localhost systemd[1]: Reached target Local File Systems.
Jan 28 17:12:41 localhost systemd[1]: Starting Raise network interfaces...
Jan 28 17:12:41 localhost systemd[1]: Starting Create Volatile Files and Directories...
Jan 28 17:12:41 localhost systemd[1]: Starting udev Kernel Device Manager...
Jan 28 17:12:41 localhost systemd-udevd[439]: Network interface NamePolicy= disabled on kernel command line, ignoring.
Jan 28 17:12:41 localhost systemd[1]: Started Create Volatile Files and Directories.
Jan 28 17:12:41 localhost systemd[1]: Starting Update UTMP about System Boot/Shutdown...
Jan 28 17:12:41 localhost systemd[1]: Reached target System Time Synchronized.
Jan 28 17:12:41 localhost systemd[1]: Started udev Kernel Device Manager.
Jan 28 17:12:41 localhost systemd[1]: Started Update UTMP about System Boot/Shutdown.
Jan 28 17:12:41 localhost systemd[1]: Reached target System Initialization.
Jan 28 17:12:41 localhost systemd[1]: apt-daily.timer: Adding 5h 58min 51.830564s random time.
Jan 28 17:12:41 localhost systemd[1]: Started Daily apt download activities.
Jan 28 17:12:41 localhost systemd[1]: Started Daily Cleanup of Temporary Directories.
Jan 28 17:12:41 localhost systemd[1]: Listening on D-Bus System Message Bus Socket.
Jan 28 17:12:41 localhost systemd[1]: Listening on ACPID Listen Socket.
Jan 28 17:12:41 localhost systemd[1]: Listening on UUID daemon activation socket.
Jan 28 17:12:41 localhost systemd[1]: Reached target Sockets.
Jan 28 17:12:41 localhost systemd[1]: apt-daily-upgrade.timer: Adding 23min 34.622412s random time.
Jan 28 17:12:41 localhost systemd[1]: Started Daily apt upgrade and clean activities.
Jan 28 17:12:41 localhost systemd[1]: Reached target Timers.
Jan 28 17:12:41 localhost systemd[1]: Started ACPI Events Check.
Jan 28 17:12:41 localhost systemd[1]: Reached target Paths.
Jan 28 17:12:41 localhost systemd[1]: Reached target Basic System.
Jan 28 17:12:41 localhost systemd[1]: Started Regular background program processing daemon.
Jan 28 17:12:41 localhost systemd[1]: Starting Expand the root partition and filesystem on boot...
Jan 28 17:12:41 localhost systemd[1]: Started D-Bus System Message Bus.
Jan 28 17:12:41 localhost cron[473]: (CRON) INFO (pidfile fd = 3)
Jan 28 17:12:41 localhost cron[473]: (CRON) INFO (Running @reboot jobs)
Jan 28 17:12:41 localhost expand-root.sh[474]: Growing partition /dev/sda1
Jan 28 17:12:41 localhost systemd[1]: Starting Login Service...
Jan 28 17:12:41 localhost systemd[1]: Starting System Logging Service...
Jan 28 17:12:41 localhost systemd[1]: Started ACPI event daemon.
Jan 28 17:12:41 localhost acpid: starting up with netlink and the input layer
Jan 28 17:12:41 localhost systemd[1]: Found device /dev/ttyS0.
Jan 28 17:12:41 localhost acpid: 1 rule loaded
Jan 28 17:12:41 localhost acpid: waiting for events: event logging is off
Jan 28 17:12:41 localhost systemd[1]: Started Login Service.
Jan 28 17:12:41 localhost liblogging-stdlog:  [origin software="rsyslogd" swVersion="8.24.0" x-pid="495" x-info="http://www.rsyslog.com"] start
Jan 28 17:12:41 localhost systemd[1]: Started System Logging Service.
Jan 28 17:12:41 localhost expand-root.sh[474]: NOCHANGE: partition 1 could only be grown by -33 [fudge=2048]
Jan 28 17:12:41 localhost expand-root.sh[474]: Resizing ext4 filesystem on /dev/sda1
Jan 28 17:12:41 localhost dhclient[540]: Internet Systems Consortium DHCP Client 4.3.5
Jan 28 17:12:41 localhost ifup[497]: Internet Systems Consortium DHCP Client 4.3.5
Jan 28 17:12:41 localhost dhclient[540]: Copyright 2004-2016 Internet Systems Consortium.
Jan 28 17:12:41 localhost ifup[497]: Copyright 2004-2016 Internet Systems Consortium.
Jan 28 17:12:41 localhost dhclient[540]: All rights reserved.
Jan 28 17:12:41 localhost ifup[497]: All rights reserved.
Jan 28 17:12:41 localhost dhclient[540]: For info, please visit https://www.isc.org/software/dhcp/
Jan 28 17:12:41 localhost ifup[497]: For info, please visit https://www.isc.org/software/dhcp/
Jan 28 17:12:41 localhost dhclient[540]: 
Jan 28 17:12:41 localhost expand-root.sh[474]: resize2fs 1.43.4 (31-Jan-2017)
Jan 28 17:12:41 localhost expand-root.sh[474]: The filesystem is already 2620928 (4k) blocks long.  Nothing to do!
Jan 28 17:12:41 localhost systemd[1]: Started Expand the root partition and filesystem on boot.
Jan 28 17:12:41 localhost dhclient[540]: Listening on LPF/eth0/42:01:0a:8e:00:02
Jan 28 17:12:41 localhost ifup[497]: Listening on LPF/eth0/42:01:0a:8e:00:02
Jan 28 17:12:41 localhost ifup[497]: Sending on   LPF/eth0/42:01:0a:8e:00:02
Jan 28 17:12:41 localhost ifup[497]: Sending on   Socket/fallback
Jan 28 17:12:41 localhost ifup[497]: DHCPREQUEST of 10.142.0.2 on eth0 to 255.255.255.255 port 67
Jan 28 17:12:41 localhost dhclient[540]: Sending on   LPF/eth0/42:01:0a:8e:00:02
Jan 28 17:12:41 localhost dhclient[540]: Sending on   Socket/fallback
Jan 28 17:12:41 localhost dhclient[540]: DHCPREQUEST of 10.142.0.2 on eth0 to 255.255.255.255 port 67
Jan 28 17:12:41 localhost dhclient[540]: DHCPACK of 10.142.0.2 from 169.254.169.254
Jan 28 17:12:41 localhost ifup[497]: DHCPACK of 10.142.0.2 from 169.254.169.254
Jan 28 17:12:42 localhost dhclient[540]: bound to 10.142.0.2 -- renewal in 35552 seconds.
Jan 28 17:12:42 localhost ifup[497]: bound to 10.142.0.2 -- renewal in 35552 seconds.
Jan 28 17:12:42 localhost systemd[1]: Started Raise network interfaces.
Jan 28 17:12:42 localhost systemd[1]: Reached target Network.
Jan 28 17:12:42 localhost systemd[1]: Started Unattended Upgrades Shutdown.
Jan 28 17:12:42 localhost systemd[1]: Starting Permit User Sessions...
Jan 28 17:12:42 localhost systemd[1]: Starting The Apache HTTP Server...
Jan 28 17:12:42 localhost systemd[1]: Reached target Network is Online.
Jan 28 17:12:42 localhost systemd[1]: Starting LSB: start and stop Stackdriver Agent...
Jan 28 17:12:42 localhost systemd[1]: Starting LSB: data collector for Treasure Data...
Jan 28 17:12:42 localhost systemd[1]: Starting Google Compute Engine Instance Setup...
Jan 28 17:12:42 localhost systemd[1]: Starting LSB: Start NTP daemon...
Jan 28 17:12:42 localhost systemd[1]: Started Permit User Sessions.
Jan 28 17:12:42 localhost systemd[1]: Started Getty on tty1.
Jan 28 17:12:42 localhost systemd[1]: Started Serial Getty on ttyS0.
Jan 28 17:12:42 localhost systemd[1]: Reached target Login Prompts.
Jan 28 17:12:42 localhost stackdriver-agent[636]: mesg: ttyname failed: Inappropriate ioctl for device
Jan 28 17:12:42 localhost ntpd[667]: ntpd 4.2.8p10@1.3728-o Sat Sep 23 19:02:38 UTC 2017 (1): Starting
Jan 28 17:12:42 localhost ntpd[667]: Command line: /usr/sbin/ntpd -p /var/run/ntpd.pid -g -c /run/ntp.conf.dhcp -u 106:110
Jan 28 17:12:42 localhost ntp[639]: Starting NTP server: ntpd.
Jan 28 17:12:42 localhost systemd[1]: Started LSB: Start NTP daemon.
Jan 28 17:12:42 localhost ntpd[697]: proto: precision = 0.063 usec (-24)
Jan 28 17:12:42 localhost ntpd[697]: Listen and drop on 0 v6wildcard [::]:123
Jan 28 17:12:42 localhost ntpd[697]: Listen and drop on 1 v4wildcard 0.0.0.0:123
Jan 28 17:12:42 localhost ntpd[697]: Listen normally on 2 lo 127.0.0.1:123
Jan 28 17:12:42 localhost ntpd[697]: Listen normally on 3 eth0 10.142.0.2:123
Jan 28 17:12:42 localhost ntpd[697]: Listen normally on 4 lo [::1]:123
Jan 28 17:12:42 localhost ntpd[697]: bind(21) AF_INET6 fe80::4001:aff:fe8e:2%2#123 flags 0x11 failed: Cannot assign requested address
Jan 28 17:12:42 localhost ntpd[697]: unable to create socket on eth0 (5) for fe80::4001:aff:fe8e:2%2#123
Jan 28 17:12:42 localhost ntpd[697]: failed to init interface for address fe80::4001:aff:fe8e:2%2
Jan 28 17:12:42 localhost ntpd[697]: Listening on routing socket on fd #21 for interface updates
Jan 28 17:12:42 localhost systemd[1]: Started The Apache HTTP Server.
Jan 28 17:12:43 localhost stackdriver-agent[636]: Starting Stackdriver metrics collection agent: stackdriver-agent Found sufficient authorization scope for the GCM APIoption = Interval; value = 60.000000;
Jan 28 17:12:43 localhost stackdriver-agent[636]: option = FQDNLookup; value = false;
Jan 28 17:12:43 localhost stackdriver-agent[636]: Created new plugin context.
Jan 28 17:12:43 localhost collectd[760]: plugin_load: plugin "syslog" successfully loaded.
Jan 28 17:12:43 localhost collectd[760]: type = syslog, key = LogLevel, value = info
Jan 28 17:12:43 localhost collectd[760]: plugin_load: plugin "df" successfully loaded.
Jan 28 17:12:43 localhost collectd[760]: plugin_load: plugin "cpu" successfully loaded.
Jan 28 17:12:43 localhost collectd[760]: plugin_load: plugin "swap" successfully loaded.
Jan 28 17:12:43 localhost collectd[760]: plugin_load: plugin "interface" successfully loaded.
Jan 28 17:12:43 localhost collectd[760]: plugin_load: plugin "disk" successfully loaded.
Jan 28 17:12:43 localhost collectd[760]: plugin_load: plugin "load" successfully loaded.
Jan 28 17:12:43 localhost collectd[760]: plugin_load: plugin "memory" successfully loaded.
Jan 28 17:12:43 localhost collectd[760]: plugin_load: plugin "processes" successfully loaded.
Jan 28 17:12:43 localhost collectd[760]: plugin_load: plugin "tcpconns" successfully loaded.
Jan 28 17:12:43 localhost collectd[760]: write_gcm: inside module_register for stackdriver_agent/5.5.2-377.sdl.stretch
Jan 28 17:12:43 localhost collectd[760]: plugin_load: plugin "write_gcm" successfully loaded.
Jan 28 17:12:43 localhost collectd[760]: plugin_load: plugin "match_regex" successfully loaded.
Jan 28 17:12:43 localhost collectd[760]: plugin_load: plugin "match_throttle_metadata_keys" successfully loaded.
Jan 28 17:12:43 localhost collectd[760]: plugin_load: plugin "stackdriver_agent" successfully loaded.
Jan 28 17:12:43 localhost collectd[760]: plugin_load: plugin "exec" successfully loaded.
Jan 28 17:12:43 localhost collectd[760]: plugin_load: plugin "aggregation" successfully loaded.
Jan 28 17:12:43 localhost stackdriver-agent[636]: option = PIDFile; value = /var/run/stackdriver-agent.pid;
Jan 28 17:12:43 localhost stackdriver-agent[636]: option = Interval; value = 60.000000;
Jan 28 17:12:43 localhost stackdriver-agent[636]: option = FQDNLookup; value = false;
Jan 28 17:12:43 localhost stackdriver-agent[636]: Created new plugin context.
Jan 28 17:12:43 localhost collectd[761]: plugin_load: plugin "syslog" successfully loaded.
Jan 28 17:12:43 localhost collectd[761]: type = syslog, key = LogLevel, value = info
Jan 28 17:12:43 localhost collectd[761]: plugin_load: plugin "df" successfully loaded.
Jan 28 17:12:43 localhost collectd[761]: plugin_load: plugin "cpu" successfully loaded.
Jan 28 17:12:43 localhost collectd[761]: plugin_load: plugin "swap" successfully loaded.
Jan 28 17:12:43 localhost collectd[761]: plugin_load: plugin "interface" successfully loaded.
Jan 28 17:12:43 localhost collectd[761]: plugin_load: plugin "disk" successfully loaded.
Jan 28 17:12:43 localhost collectd[761]: plugin_load: plugin "load" successfully loaded.
Jan 28 17:12:43 localhost collectd[761]: plugin_load: plugin "memory" successfully loaded.
Jan 28 17:12:43 localhost collectd[761]: plugin_load: plugin "processes" successfully loaded.
Jan 28 17:12:43 localhost collectd[761]: plugin_load: plugin "tcpconns" successfully loaded.
Jan 28 17:12:43 localhost collectd[761]: write_gcm: inside module_register for stackdriver_agent/5.5.2-377.sdl.stretch
Jan 28 17:12:43 localhost collectd[761]: plugin_load: plugin "write_gcm" successfully loaded.
Jan 28 17:12:43 localhost collectd[761]: plugin_load: plugin "match_regex" successfully loaded.
Jan 28 17:12:43 localhost collectd[761]: plugin_load: plugin "match_throttle_metadata_keys" successfully loaded.
Jan 28 17:12:43 localhost collectd[761]: plugin_load: plugin "stackdriver_agent" successfully loaded.
Jan 28 17:12:43 localhost collectd[761]: plugin_load: plugin "exec" successfully loaded.
Jan 28 17:12:43 localhost collectd[761]: plugin_load: plugin "aggregation" successfully loaded.
Jan 28 17:12:43 localhost stackdriver-agent[636]: .
Jan 28 17:12:43 localhost systemd[1]: Started LSB: start and stop Stackdriver Agent.
Jan 28 17:12:43 localhost collectd[763]: Initialization complete, entering read-loop.
Jan 28 17:12:43 localhost systemd[1]: proc-sys-fs-binfmt_misc.automount: Got automount request for /proc/sys/fs/binfmt_misc, triggered by 770 (stackdriver-col)
Jan 28 17:12:43 localhost systemd[1]: Mounting Arbitrary Executable File Formats File System...
Jan 28 17:12:43 localhost systemd[1]: Mounted Arbitrary Executable File Formats File System.
Jan 28 17:12:43 localhost collectd[763]: tcpconns plugin: Reading from netlink succeeded. Will use the netlink method from now on.
Jan 28 17:12:43 localhost collectd[763]: uc_update: Value too old: name = instance-1/processes-all/disk_octets; value time = 1517159563.787; last cache update = 1517159563.787;
Jan 28 17:12:43 localhost collectd[763]: uc_update: Value too old: name = instance-1/processes-all/ps_vm; value time = 1517159563.787; last cache update = 1517159563.787;
Jan 28 17:12:43 localhost collectd[763]: uc_update: Value too old: name = instance-1/processes-all/ps_rss; value time = 1517159563.787; last cache update = 1517159563.787;
Jan 28 17:12:43 localhost collectd[763]: uc_update: Value too old: name = instance-1/processes-all/ps_cputime; value time = 1517159563.787; last cache update = 1517159563.787;
Jan 28 17:12:44 localhost instance-setup: INFO Running set_multiqueue.
Jan 28 17:12:44 localhost instance-setup: INFO Setting /proc/irq/25/smp_affinity_list to 0 for device virtio1.
Jan 28 17:12:44 localhost instance-setup: INFO /proc/irq/25/smp_affinity_list: real affinity 0
Jan 28 17:12:44 localhost instance-setup: INFO Setting /proc/irq/26/smp_affinity_list to 0 for device virtio1.
Jan 28 17:12:44 localhost instance-setup: INFO /proc/irq/26/smp_affinity_list: real affinity 0
Jan 28 17:12:44 localhost instance-setup: INFO Queue 0 XPS=1 for /sys/class/net/eth0/queues/tx-0/xps_cpus
Jan 28 17:12:44 localhost systemd[1]: Started Google Compute Engine Instance Setup.
Jan 28 17:12:44 localhost systemd[1]: Starting Google Compute Engine Network Setup...
Jan 28 17:12:44 localhost systemd[1]: Starting OpenBSD Secure Shell server...
Jan 28 17:12:44 localhost systemd[1]: Started OpenBSD Secure Shell server.
Jan 28 17:12:44 localhost systemd[1]: Started Google Compute Engine Network Setup.
Jan 28 17:12:44 localhost systemd[1]: Started Google Compute Engine Clock Skew Daemon.
Jan 28 17:12:44 localhost systemd[1]: Starting Google Compute Engine Shutdown Scripts...
Jan 28 17:12:44 localhost systemd[1]: Starting Google Compute Engine Startup Scripts...
Jan 28 17:12:44 localhost systemd[1]: Started Google Compute Engine Accounts Daemon.
Jan 28 17:12:44 localhost systemd[1]: Started Google Compute Engine IP Forwarding Daemon.
Jan 28 17:12:44 localhost systemd[1]: Started Google Compute Engine Shutdown Scripts.
Jan 28 17:12:44 localhost ntpd[697]: Listen normally on 6 eth0 [fe80::4001:aff:fe8e:2%2]:123
Jan 28 17:12:45 localhost google-clock-skew: INFO Starting Google Clock Skew daemon.
Jan 28 17:12:45 localhost startup-script: INFO Starting startup scripts.
Jan 28 17:12:45 localhost startup-script: INFO Found startup-script in metadata.
Jan 28 17:12:45 localhost google-clock-skew: INFO Clock drift token has changed: 0.
Jan 28 17:12:45 localhost google-accounts: INFO Starting Google Accounts daemon.
Jan 28 17:12:45 localhost google-ip-forwarding: INFO Starting Google IP Forwarding daemon.
Jan 28 17:12:46 localhost systemd[1]: Time has been changed
Jan 28 17:12:46 localhost google-clock-skew: INFO Synced system time with hardware clock.
Jan 28 17:12:46 localhost systemd[1]: apt-daily.timer: Adding 8h 35min 6.689538s random time.
Jan 28 17:12:46 localhost systemd[1]: apt-daily-upgrade.timer: Adding 35min 20.497213s random time.
Jan 28 17:12:49 localhost startup-script: INFO startup-script: 127.0.0.1:60019
Jan 28 17:12:50 localhost startup-script: INFO startup-script: 127.0.0.1:60002
Jan 28 17:12:50 localhost startup-script: INFO startup-script: 127.0.0.1:60011
Jan 28 17:12:50 localhost startup-script: INFO startup-script: 127.0.0.1:60009
Jan 28 17:12:50 localhost startup-script: INFO startup-script: 127.0.0.1:60017
Jan 28 17:12:50 localhost startup-script: INFO startup-script: 127.0.0.1:60008
Jan 28 17:12:50 localhost startup-script: INFO startup-script: 127.0.0.1:60013
Jan 28 17:12:50 localhost startup-script: INFO startup-script: 127.0.0.1:60004
Jan 28 17:12:50 localhost startup-script: INFO startup-script: 127.0.0.1:60001
Jan 28 17:12:50 localhost startup-script: INFO startup-script: 127.0.0.1:60012
Jan 28 17:12:50 localhost startup-script: INFO startup-script: 127.0.0.1:60010
Jan 28 17:12:50 localhost startup-script: INFO startup-script: 127.0.0.1:60005
Jan 28 17:12:50 localhost startup-script: INFO startup-script: 127.0.0.1:60018
Jan 28 17:12:50 localhost startup-script: INFO startup-script: 127.0.0.1:60007
Jan 28 17:12:50 localhost startup-script: INFO startup-script: 127.0.0.1:60016
Jan 28 17:12:50 localhost startup-script: INFO startup-script: 127.0.0.1:60000
Jan 28 17:12:50 localhost startup-script: INFO startup-script: 127.0.0.1:60014
Jan 28 17:12:50 localhost startup-script: INFO startup-script: 127.0.0.1:60003
Jan 28 17:12:50 localhost startup-script: INFO startup-script: 127.0.0.1:60015
Jan 28 17:12:50 localhost startup-script: INFO startup-script: 127.0.0.1:60006
Jan 28 17:12:50 localhost google-fluentd[637]: Starting google-fluentd 1.5.24: google-fluentd.
Jan 28 17:12:50 localhost systemd[1]: Started LSB: data collector for Treasure Data.
Jan 28 17:13:21 localhost kernel: [   47.161550] random: crng init done
Jan 28 17:13:43 localhost collectd[763]: write_gcm: Asking metadata server for auth token
Jan 28 17:15:59 localhost google-accounts: INFO Removing user app.
Jan 28 17:17:02 localhost CRON[1338]: (root) CMD (   cd / && run-parts --report /etc/cron.hourly)
Jan 28 17:17:50 localhost startup-script: INFO startup-script: Evaluate page: https://allegro.pl/kategoria/seria-3-e46-1998-2007-18077?order=dd&pojemnosc-silnika-cm3-od=2700&pojemnosc-silnika-cm3-do=2900&nadwozie=Sedan#time=20180114175200
Jan 28 17:17:50 localhost startup-script: INFO startup-script: [Time:#0114801 ms] 127.0.0.1:60000
Jan 28 17:18:05 localhost startup-script: INFO startup-script: Evaluate page: https://allegro.pl/kategoria/seria-3-e46-1998-2007-18077?order=dd&pojemnosc-silnika-cm3-od=2700&pojemnosc-silnika-cm3-do=2900&nadwozie=Sedan#time=20180114175200
Jan 28 17:18:05 localhost startup-script: INFO startup-script: [Time:#0113643 ms] 127.0.0.1:60001
Jan 28 17:18:17 localhost startup-script: INFO startup-script: Evaluate page: https://allegro.pl/kategoria/seria-3-e46-1998-2007-18077?order=dd&pojemnosc-silnika-cm3-od=2700&pojemnosc-silnika-cm3-do=2900&nadwozie=Sedan#time=20180114175200
Jan 28 17:18:17 localhost startup-script: INFO startup-script: [Time:#0113635 ms] 127.0.0.1:60015
Jan 28 17:18:31 localhost startup-script: INFO startup-script: Evaluate page: https://allegro.pl/kategoria/seria-3-e46-1998-2007-18077?order=dd&pojemnosc-silnika-cm3-od=2700&pojemnosc-silnika-cm3-do=2900&nadwozie=Sedan#time=20180114175200
Jan 28 17:18:31 localhost startup-script: INFO startup-script: [Time:#0112598 ms] 127.0.0.1:60015
Jan 28 17:18:52 localhost startup-script: INFO startup-script: Evaluate page: https://allegro.pl/kategoria/seria-3-e46-1998-2007-18077?order=dd&pojemnosc-silnika-cm3-od=2700&pojemnosc-silnika-cm3-do=2900&nadwozie=Sedan#time=20180114175200
Jan 28 17:18:52 localhost startup-script: INFO startup-script: [Time:#0113633 ms] 127.0.0.1:60019
Jan 28 17:19:10 localhost google-accounts: INFO Removing user app.
Jan 28 17:21:03 localhost startup-script: INFO startup-script: Evaluate page: https://allegro.pl/kategoria/seria-3-e46-1998-2007-18077?order=dd&pojemnosc-silnika-cm3-od=2700&pojemnosc-silnika-cm3-do=2900&nadwozie=Sedan#time=20180128182100
Jan 28 17:21:03 localhost startup-script: INFO startup-script: [Time:#0112626 ms] 127.0.0.1:60000
Jan 28 17:21:03 localhost startup-script: INFO startup-script: Evaluate page: https://allegro.pl/kategoria/seria-3-e46-1998-2007-18077?order=dd&pojemnosc-silnika-cm3-od=2700&pojemnosc-silnika-cm3-do=2900&nadwozie=Sedan#time=20180128182100
Jan 28 17:21:03 localhost startup-script: INFO startup-script: [Time:#0112796 ms] 127.0.0.1:60000
Jan 28 17:21:04 localhost startup-script: INFO startup-script: Evaluate page: https://allegro.pl/kategoria/samochody-zabytkowe-594?order=m&rok-produkcji-do=1992&startingTime=4#time=20180128182100
Jan 28 17:21:04 localhost startup-script: INFO startup-script: [Time:#0113546 ms] 127.0.0.1:60000
Jan 28 17:21:06 localhost startup-script: INFO startup-script: NotSupportedError: DOM Exception 9: The implementation did not support the requested type of object or operation.
Jan 28 17:21:06 localhost startup-script: INFO startup-script:   https://ced.sascdn.com/tag/1373/smart.js:1 in createContextualFragment
Jan 28 17:21:06 localhost startup-script: INFO startup-script:   https://ced.sascdn.com/tag/1373/smart.js:1 in appendHtml
Jan 28 17:21:06 localhost startup-script: INFO startup-script:   https://tpc.googlesyndication.com/safeframe/1-0-15/html/container.html:10 in onNoad
Jan 28 17:21:06 localhost startup-script: INFO startup-script:   https://ced.sascdn.com/tag/1373/smart.js:1 in noad
Jan 28 17:21:38 localhost startup-script: INFO startup-script: Evaluate page: https://allegro.pl/kategoria/seria-3-e46-1998-2007-18077?order=dd&pojemnosc-silnika-cm3-od=2700&pojemnosc-silnika-cm3-do=2900&nadwozie=Sedan#time=20180114175200
Jan 28 17:21:38 localhost startup-script: INFO startup-script: [Time:#0112409 ms] 127.0.0.1:60019
Jan 28 17:22:02 localhost startup-script: INFO startup-script: Evaluate page: https://allegro.pl/kategoria/seria-3-e46-1998-2007-18077?order=dd&pojemnosc-silnika-cm3-od=2700&pojemnosc-silnika-cm3-do=2900&nadwozie=Sedan#time=20180128182200
Jan 28 17:22:02 localhost startup-script: INFO startup-script: [Time:#0111576 ms] 127.0.0.1:60000
Jan 28 17:22:04 localhost startup-script: INFO startup-script: Evaluate page: https://allegro.pl/kategoria/seria-3-e46-1998-2007-18077?order=dd&pojemnosc-silnika-cm3-od=2700&pojemnosc-silnika-cm3-do=2900&nadwozie=Sedan#time=20180114175200
Jan 28 17:22:04 localhost startup-script: INFO startup-script: [Time:#0114687 ms] 127.0.0.1:60018
Jan 28 17:22:04 localhost startup-script: INFO startup-script: Evaluate page: https://allegro.pl/kategoria/seria-3-e46-1998-2007-18077?order=dd&pojemnosc-silnika-cm3-od=2700&pojemnosc-silnika-cm3-do=2900&nadwozie=Sedan#time=20180128182201
Jan 28 17:22:04 localhost startup-script: INFO startup-script: [Time:#0113309 ms] 127.0.0.1:60000
Jan 28 17:22:04 localhost startup-script: INFO startup-script: Evaluate page: https://allegro.pl/kategoria/samochody-zabytkowe-594?order=m&rok-produkcji-do=1992&startingTime=4#time=20180128182200
Jan 28 17:22:04 localhost startup-script: INFO startup-script: [Time:#0113909 ms] 127.0.0.1:60000
Jan 28 17:22:05 localhost startup-script: INFO startup-script: NotSupportedError: DOM Exception 9: The implementation did not support the requested type of object or operation.
Jan 28 17:22:05 localhost startup-script: INFO startup-script:   https://ced.sascdn.com/tag/1373/smart.js:1 in createContextualFragment
Jan 28 17:22:05 localhost startup-script: INFO startup-script:   https://ced.sascdn.com/tag/1373/smart.js:1 in appendHtml
Jan 28 17:22:05 localhost startup-script: INFO startup-script:   https://tpc.googlesyndication.com/safeframe/1-0-15/html/container.html:10 in onNoad
Jan 28 17:22:05 localhost startup-script: INFO startup-script:   https://ced.sascdn.com/tag/1373/smart.js:1 in noad
Jan 28 17:22:13 localhost startup-script: INFO startup-script: Evaluate page: https://allegro.pl/kategoria/seria-3-e46-1998-2007-18077?order=dd&pojemnosc-silnika-cm3-od=2700&pojemnosc-silnika-cm3-do=2900&nadwozie=Sedan#time=20180114175200
Jan 28 17:22:13 localhost startup-script: INFO startup-script: [Time:#0111868 ms] 127.0.0.1:60000
Jan 28 17:23:03 localhost startup-script: INFO startup-script: Evaluate page: https://allegro.pl/kategoria/seria-3-e46-1998-2007-18077?order=dd&pojemnosc-silnika-cm3-od=2700&pojemnosc-silnika-cm3-do=2900&nadwozie=Sedan#time=20180128182300
Jan 28 17:23:03 localhost startup-script: INFO startup-script: [Time:#0112665 ms] 127.0.0.1:60019
Jan 28 17:23:05 localhost startup-script: INFO startup-script: Evaluate page: https://allegro.pl/kategoria/samochody-zabytkowe-594?order=m&rok-produkcji-do=1992&startingTime=4#time=20180128182300
Jan 28 17:23:05 localhost startup-script: INFO startup-script: [Time:#0114188 ms] 127.0.0.1:60015
Jan 28 17:23:05 localhost startup-script: INFO startup-script: Evaluate page: https://allegro.pl/kategoria/seria-3-e46-1998-2007-18077?order=dd&pojemnosc-silnika-cm3-od=2700&pojemnosc-silnika-cm3-do=2900&nadwozie=Sedan#time=20180128182300
Jan 28 17:23:05 localhost startup-script: INFO startup-script: [Time:#0114225 ms] 127.0.0.1:60013
Jan 28 17:23:06 localhost startup-script: INFO startup-script: NotSupportedError: DOM Exception 9: The implementation did not support the requested type of object or operation.
Jan 28 17:23:06 localhost startup-script: INFO startup-script:   https://ced.sascdn.com/tag/1373/smart.js:1 in createContextualFragment
Jan 28 17:23:06 localhost startup-script: INFO startup-script:   https://ced.sascdn.com/tag/1373/smart.js:1 in appendHtml
Jan 28 17:23:06 localhost startup-script: INFO startup-script:   https://tpc.googlesyndication.com/safeframe/1-0-15/html/container.html:10 in onNoad
Jan 28 17:23:06 localhost startup-script: INFO startup-script:   https://ced.sascdn.com/tag/1373/smart.js:1 in noad
Jan 28 17:23:32 localhost startup-script: INFO startup-script: Evaluate page: https://allegro.pl/kategoria/seria-3-e46-1998-2007-18077?order=dd&pojemnosc-silnika-cm3-od=2700&pojemnosc-silnika-cm3-do=2900&nadwozie=Sedan#time=20180114175200
Jan 28 17:23:32 localhost startup-script: INFO startup-script: [Time:#0112289 ms] 127.0.0.1:60000
Jan 28 17:24:00 localhost startup-script: INFO startup-script: Evaluate page: https://allegro.pl/kategoria/seria-3-e46-1998-2007-18077?order=dd&pojemnosc-silnika-cm3-od=2700&pojemnosc-silnika-cm3-do=2900&nadwozie=Sedan#time=20180114175200
Jan 28 17:24:00 localhost startup-script: INFO startup-script: [Time:#0111897 ms] 127.0.0.1:60000
Jan 28 17:24:03 localhost startup-script: INFO startup-script: Evaluate page: https://allegro.pl/kategoria/seria-3-e46-1998-2007-18077?order=dd&pojemnosc-silnika-cm3-od=2700&pojemnosc-silnika-cm3-do=2900&nadwozie=Sedan#time=20180128182400
Jan 28 17:24:03 localhost startup-script: INFO startup-script: [Time:#0112971 ms] 127.0.0.1:60000
Jan 28 17:24:04 localhost startup-script: INFO startup-script: Evaluate page: https://allegro.pl/kategoria/seria-3-e46-1998-2007-18077?order=dd&pojemnosc-silnika-cm3-od=2700&pojemnosc-silnika-cm3-do=2900&nadwozie=Sedan#time=20180128182400
Jan 28 17:24:04 localhost startup-script: INFO startup-script: [Time:#0113175 ms] 127.0.0.1:60015
Jan 28 17:24:04 localhost startup-script: INFO startup-script: Evaluate page: https://allegro.pl/kategoria/samochody-zabytkowe-594?order=m&rok-produkcji-do=1992&startingTime=4#time=20180128182401
Jan 28 17:24:04 localhost startup-script: INFO startup-script: [Time:#0113555 ms] 127.0.0.1:60013
Jan 28 17:24:05 localhost startup-script: INFO startup-script: NotSupportedError: DOM Exception 9: The implementation did not support the requested type of object or operation.
Jan 28 17:24:05 localhost startup-script: INFO startup-script:   https://ced.sascdn.com/tag/1373/smart.js:1 in createContextualFragment
Jan 28 17:24:05 localhost startup-script: INFO startup-script:   https://ced.sascdn.com/tag/1373/smart.js:1 in appendHtml
Jan 28 17:24:05 localhost startup-script: INFO startup-script:   https://tpc.googlesyndication.com/safeframe/1-0-15/html/container.html:10 in onNoad
Jan 28 17:24:05 localhost startup-script: INFO startup-script:   https://ced.sascdn.com/tag/1373/smart.js:1 in noad
Jan 28 17:24:06 localhost startup-script: INFO startup-script: Evaluate page: https://allegro.pl/kategoria/seria-3-e46-1998-2007-18077?order=dd&pojemnosc-silnika-cm3-od=2700&pojemnosc-silnika-cm3-do=2900&nadwozie=Sedan#time=20180114175200
Jan 28 17:24:06 localhost startup-script: INFO startup-script: [Time:#0112771 ms] 127.0.0.1:60001
Jan 28 17:25:02 localhost startup-script: INFO startup-script: Evaluate page: http://allegro.pl/show_item.php?item=6854321901&isPostBid=true&msg=Twoja+oferta+jest+w+tej+chwili+najwysza%21+Gratulujemy%21&isBidValid=yes&msgtoken=2f4347ccb1c3c52b059c8864ea0f32ef38294f4a81a6d309b35aa1537440cb14#thumb/2#time=20180128182501
Jan 28 17:25:02 localhost startup-script: INFO startup-script: [Time:#011993 ms] 127.0.0.1:60011
Jan 28 17:25:05 localhost startup-script: INFO startup-script: Evaluate page: https://allegro.pl/kategoria/sony-playstation-3-ps3-konsole-122285?order=p&price_to=200&buyUsed=1&=1#time=20180128182501
Jan 28 17:25:05 localhost startup-script: INFO startup-script: Evaluate page: https://allegro.pl/listing?string=acer%20648&order=m&bmatch=ss-base-relevance-floki-5-nga-hcp-uni-1-5-1003#time=20180128182501
Jan 28 17:25:05 localhost startup-script: INFO startup-script: [Time:#0114117 ms] 127.0.0.1:60012
Jan 28 17:25:05 localhost startup-script: INFO startup-script: [Time:#0114131 ms] 127.0.0.1:60002
Jan 28 17:25:06 localhost startup-script: INFO startup-script: Evaluate page: http://allegro.pl/urzadzenia-wielofunkcyjne-hp-147696?string=hp&order=t&price_to=10&bmatch=base-relevance-floki-5-nga-ele-1-3-0222#time=20180128182501
Jan 28 17:25:06 localhost startup-script: INFO startup-script: [Time:#0114806 ms] 127.0.0.1:60008
Jan 28 17:25:06 localhost startup-script: INFO startup-script: Evaluate page: https://allegro.pl/kategoria/samsung-galaxy-note-4-250379?order=d&price_to=770#time=20180128182501
Jan 28 17:25:06 localhost startup-script: INFO startup-script: [Time:#0114913 ms] 127.0.0.1:60016
Jan 28 17:25:06 localhost startup-script: INFO startup-script: Evaluate page: https://allegro.pl/kategoria/osobowe-audi-4031?order=p#time=20180128182501
Jan 28 17:25:06 localhost startup-script: INFO startup-script: Evaluate page: http://allegro.pl/drukarki-i-skanery-drukarki-atramentowe-4579?price_to=10#time=20180128182501
Jan 28 17:25:06 localhost startup-script: INFO startup-script: [Time:#0114878 ms] 127.0.0.1:60008
Jan 28 17:25:06 localhost startup-script: INFO startup-script: [Time:#0114847 ms] 127.0.0.1:60004
Jan 28 17:25:06 localhost startup-script: INFO startup-script: Evaluate page: http://allegro.pl/samochody-osobowe-4029?string=kamper%20camper&bmatch=base-relevance-aut-1-3-0913&order=p&price_from=30000&price_to=55000#time=20180128182501
Jan 28 17:25:06 localhost startup-script: INFO startup-script: [Time:#0114875 ms] 127.0.0.1:60003
Jan 28 17:25:06 localhost startup-script: INFO startup-script: Evaluate page: https://allegro.pl/kategoria/apple-iphone-5s-145923?price_to=450&buyUsed=1&offerTypeBuyNow=1&order=p#time=20180128182502
Jan 28 17:25:06 localhost startup-script: INFO startup-script: Evaluate page: https://allegro.pl/kategoria/obraz-i-grafika-karty-graficzne-257236?string=270x&offerTypeBuyNow=1&price_to=280&order=m&bmatch=ss-base-relevance-floki-5-nga-hcp-ele-1-2-1003&price_from=100#time=20180128182501
Jan 28 17:25:06 localhost startup-script: INFO startup-script: [Time:#0114691 ms] 127.0.0.1:60004
Jan 28 17:25:06 localhost startup-script: INFO startup-script: Evaluate page: https://allegro.pl/kategoria/htc-htc-desire-820-251142?order=d&price_to=280&offerTypeBuyNow=1&buyUsed=1#time=20180128182501
Jan 28 17:25:06 localhost startup-script: INFO startup-script: [Time:#0115056 ms] 127.0.0.1:60003
Jan 28 17:25:06 localhost startup-script: INFO startup-script: [Time:#0115134 ms] 127.0.0.1:60007
Jan 28 17:25:06 localhost startup-script: INFO startup-script: Evaluate page: https://allegro.pl/listing?string=amiga%201200&startingTime=7&description=1&order=m&bmatch=base-relevance-floki-5-nga-ele-1-5-0320#time=20180128182501
Jan 28 17:25:07 localhost startup-script: INFO startup-script: [Time:#0115277 ms] 127.0.0.1:60006
Jan 28 17:25:07 localhost startup-script: INFO startup-script: Evaluate page: https://allegro.pl/listing?string=volca%20fm&bmatch=base-relevance-floki-5-nga-cul-1-3-0222&order=n#time=20180128182501
Jan 28 17:25:07 localhost startup-script: INFO startup-script: [Time:#0115288 ms] 127.0.0.1:60006
Jan 28 17:25:07 localhost startup-script: INFO startup-script: Evaluate page: https://allegro.pl/kategoria/samochody-osobowe-4029?moc-km-od=170&string=m-pakiet&skrzynia-biegow=Automatyczna%20hydrauliczna%20(klasyczna)&price_to=30000&startingTime=9&price_from=8000&order=n&bmatch=s0-aut-1-1-0511#time=20180128182501
Jan 28 17:25:07 localhost startup-script: INFO startup-script: Evaluate page: https://allegro.pl/listing?string=u2410&bmatch=base-relevance-floki-5-nga-top-seller-ele-1-1-0320&price_to=500#time=20180128182501
Jan 28 17:25:07 localhost startup-script: INFO startup-script: [Time:#0115404 ms] 127.0.0.1:60009
Jan 28 17:25:07 localhost startup-script: INFO startup-script: [Time:#0115604 ms] 127.0.0.1:60006
Jan 28 17:25:07 localhost startup-script: INFO startup-script: Evaluate page: https://allegro.pl/kategoria/obraz-i-grafika-karty-graficzne-4313?string=gtx%20560%20ti&order=m&bmatch=base-relevance-floki-5-nga-ele-1-3-0511#time=20180128182501
Jan 28 17:25:07 localhost startup-script: INFO startup-script: Evaluate page: https://allegro.pl/kategoria/obraz-i-grafika-karty-graficzne-257236?string=gtx%20950&order=m&bmatch=ss-base-relevance-floki-5-nga-hcp-ele-1-1-1003&offerTypeBuyNow=1&price_from=100&price_to=310#time=20180128182501
Jan 28 17:25:07 localhost startup-script: INFO startup-script: [Time:#0115668 ms] 127.0.0.1:60012
Jan 28 17:25:07 localhost startup-script: INFO startup-script: [Time:#0115617 ms] 127.0.0.1:60009
Jan 28 17:25:07 localhost startup-script: INFO startup-script: Evaluate page: https://allegro.pl/kategoria/samochody-zabytkowe-594?order=m&rok-produkcji-do=1992&startingTime=4#time=20180128182501
Jan 28 17:25:07 localhost startup-script: INFO startup-script: [Time:#0115853 ms] 127.0.0.1:60006
Jan 28 17:25:07 localhost startup-script: INFO startup-script: Evaluate page: https://allegro.pl/kategoria/zegarki-meskie-19865?string=citizen&order=p&bmatch=base-relevance-floki-5-nga-honest-fas-1-3-0803&price_to=500&buyUsed=1&offerTypeBuyNow=1#time=20180128182501
Jan 28 17:25:07 localhost startup-script: INFO startup-script: [Time:#0115858 ms] 127.0.0.1:60009
Jan 28 17:25:07 localhost startup-script: INFO startup-script: Evaluate page: https://allegro.pl/apple-iphone-6s-253002?buyUsed=1&offerTypeAuction=2&offerTypeBuyNow=1&a_enum%5B128188%5D%5B1%5D=1&a_enum%5B1256%5D%5B5%5D=5&a_enum%5B4386%5D%5B1%5D=1#time=20180128182501
Jan 28 17:25:08 localhost startup-script: INFO startup-script: Evaluate page: https://allegro.pl/kategoria/obraz-i-grafika-karty-graficzne-257236?string=gtx%20970&order=m&bmatch=ss-base-relevance-floki-5-nga-hcp-ele-1-1-1003&offerTypeBuyNow=1&price_from=200&price_to=650#time=20180128182501
Jan 28 17:25:08 localhost startup-script: INFO startup-script: [Time:#0116241 ms] 127.0.0.1:60011
Jan 28 17:25:08 localhost startup-script: INFO startup-script: [Time:#0116230 ms] 127.0.0.1:60009
Jan 28 17:25:08 localhost startup-script: INFO startup-script: Evaluate page: https://allegro.pl/kategoria/odziez-meska-swetry-87897?rozmiar=S&price_to=10&order=n&kolor=Odcienie%20fioletu&kolor=Odcienie%20pomara%C5%84czowego&kolor=Odcienie%20%C5%BC%C3%B3%C5%82tego%20i%20z%C5%82ota#time=20180128182501
Jan 28 17:25:08 localhost startup-script: INFO startup-script: [Time:#0116468 ms] 127.0.0.1:60003
Jan 28 17:25:08 localhost startup-script: INFO startup-script: Evaluate page: https://allegro.pl/klimatyzacja-sterowniki-i-elementy-elektryczne-49202?string=aktywator%20klimatyzacji%20fiat%20bravo&buyNew=1&bmatch=base-relevance-floki-5-nga-aut-1-2-0222#time=20180128182501
Jan 28 17:25:08 localhost startup-script: INFO startup-script: [Time:#0116483 ms] 127.0.0.1:60017
Jan 28 17:25:08 localhost startup-script: INFO startup-script: Evaluate page: https://allegro.pl/kategoria/huawei-p7-ascend-248964?price_to=250&buyUsed=1&offerTypeBuyNow=1&order=p#time=20180128182501
Jan 28 17:25:08 localhost startup-script: INFO startup-script: [Time:#0116629 ms] 127.0.0.1:60011
Jan 28 17:25:08 localhost startup-script: INFO startup-script: Evaluate page: https://allegro.pl/listing?string=alpine%207618&order=m&bmatch=ss-base-relevance-floki-5-nga-hcp-uni-1-1-1003#time=20180128182501
Jan 28 17:25:08 localhost startup-script: INFO startup-script: Evaluate page: http://allegro.pl/listing/listing.php?order=m&string=gt+755m&bmatch=base-relevance-ele-1-5-0923#time=20180128182501
Jan 28 17:25:08 localhost startup-script: INFO startup-script: [Time:#0116458 ms] 127.0.0.1:60013
Jan 28 17:25:08 localhost startup-script: INFO startup-script: [Time:#0116598 ms] 127.0.0.1:60002
Jan 28 17:25:08 localhost startup-script: INFO startup-script: Evaluate page: https://allegro.pl/kategoria/obraz-i-grafika-karty-graficzne-257236?string=gtx%20750%20ti&order=m&bmatch=ss-base-relevance-floki-5-nga-hcp-ele-1-5-0115&offerTypeBuyNow=1&price_to=300#time=20180128182501
Jan 28 17:25:08 localhost startup-script: INFO startup-script: [Time:#0116535 ms] 127.0.0.1:60017
Jan 28 17:25:08 localhost startup-script: INFO startup-script: Evaluate page: https://allegro.pl/kategoria/samsung-galaxy-note-2-125211?order=d&price_to=350&offerTypeBuyNow=1&buyUsed=1#time=20180128182501
Jan 28 17:25:08 localhost startup-script: INFO startup-script: [Time:#0116623 ms] 127.0.0.1:60011
Jan 28 17:25:08 localhost startup-script: INFO startup-script: Evaluate page: https://allegro.pl/kategoria/elektronika-elektronika-67194?string=arduino%20zestaw&order=m&bmatch=base-relevance-floki-5-nga-ele-1-3-0511#time=20180128182501
Jan 28 17:25:08 localhost startup-script: INFO startup-script: [Time:#0116744 ms] 127.0.0.1:60007
Jan 28 17:25:08 localhost startup-script: INFO startup-script: Evaluate page: https://allegro.pl/kategoria/nokia-n95-46025?price_to=50&offerTypeBuyNow=1&buyUsed=1&order=p#time=20180128182501
Jan 28 17:25:08 localhost startup-script: INFO startup-script: [Time:#0116623 ms] 127.0.0.1:60018
Jan 28 17:25:08 localhost startup-script: INFO startup-script: Evaluate page: https://allegro.pl/kategoria/samsung-galaxy-s7-edge-254339?price_to=1250&offerTypeBuyNow=1&buyUsed=1&order=p#time=20180128182501
Jan 28 17:25:08 localhost startup-script: INFO startup-script: Evaluate page: http://allegro.pl/samochody-osobowe-4029?string=kamper%20camper&bmatch=base-relevance-aut-1-3-0913&order=p&price_from=30000&price_to=55000#time=20180128182501
Jan 28 17:25:08 localhost startup-script: INFO startup-script: [Time:#0116854 ms] 127.0.0.1:60017
Jan 28 17:25:08 localhost startup-script: INFO startup-script: [Time:#0116727 ms] 127.0.0.1:60011
Jan 28 17:25:08 localhost startup-script: INFO startup-script: Evaluate page: https://allegro.pl/kategoria/dacia-lodgy-145044?order=n&rok-produkcji-od=2014&buyUsed=1&kraj-pochodzenia=Polska&moc-km-od=100#time=20180128182501
Jan 28 17:25:08 localhost startup-script: INFO startup-script: Evaluate page: https://allegro.pl/listing?string=acer%20648&order=m&bmatch=ss-base-relevance-floki-5-nga-hcp-uni-1-5-1003#time=20180128182502
Jan 28 17:25:08 localhost startup-script: INFO startup-script: [Time:#0116448 ms] 127.0.0.1:60007
Jan 28 17:25:08 localhost startup-script: INFO startup-script: [Time:#0116751 ms] 127.0.0.1:60018
Jan 28 17:25:08 localhost startup-script: INFO startup-script: Evaluate page: https://allegro.pl/sony-playstation-4-ps4-konsole-147130?order=p#time=20180128182501
Jan 28 17:25:08 localhost startup-script: INFO startup-script: [Time:#0117131 ms] 127.0.0.1:60017
Jan 28 17:25:08 localhost startup-script: INFO startup-script: Evaluate page: https://allegro.pl/kategoria/lg-g4-251742?order=p&price_to=650&offerTypeBuyNow=1&buyUsed=1#time=20180128182501
Jan 28 17:25:08 localhost startup-script: INFO startup-script: [Time:#0117036 ms] 127.0.0.1:60017
Jan 28 17:25:08 localhost startup-script: INFO startup-script: Evaluate page: https://allegro.pl/kategoria/obraz-i-grafika-karty-graficzne-257236?string=1080&price_to=2000&price_from=1100&order=pd&bmatch=ss-base-relevance-floki-5-nga-hcp-ele-1-3-1003#time=20180128182502
Jan 28 17:25:08 localhost startup-script: INFO startup-script: [Time:#0115938 ms] 127.0.0.1:60011
Jan 28 17:25:08 localhost startup-script: INFO startup-script: Evaluate page: https://allegro.pl/kategoria/meskie-sztyblety-257112?order=p&price_to=50&rozmiar=42&rozmiar=43&rozmiar=44&kolor=Odcienie%20br%C4%85zu%20i%20be%C5%BCu#time=20180128182501
Jan 28 17:25:09 localhost startup-script: INFO startup-script: [Time:#0117355 ms] 127.0.0.1:60002
Jan 28 17:25:09 localhost startup-script: INFO startup-script: Evaluate page: https://allegro.pl/kategoria/zegarki-meskie-19865?string=tissot&price_to=500&offerTypeBuyNow=1&buyUsed=1&order=p&bmatch=base-relevance-floki-5-nga-honest-fas-1-3-0803#time=20180128182501
Jan 28 17:25:09 localhost startup-script: INFO startup-script: Evaluate page: https://allegro.pl/kategoria/sony-psp-konsole-122302?order=p&price_to=80&buyUsed=1&offerTypeBuyNow=1#time=20180128182501
Jan 28 17:25:09 localhost startup-script: INFO startup-script: [Time:#0117223 ms] 127.0.0.1:60011
Jan 28 17:25:09 localhost startup-script: INFO startup-script: [Time:#0117336 ms] 127.0.0.1:60019
Jan 28 17:25:09 localhost startup-script: INFO startup-script: Evaluate page: https://allegro.pl/instrumenty?string=electribe&bmatch=base-relevance-floki-5-nga-cul-1-3-0222&price_to=1300#time=20180128182501
Jan 28 17:25:09 localhost startup-script: INFO startup-script: [Time:#0117650 ms] 127.0.0.1:60018
Jan 28 17:25:09 localhost startup-script: INFO startup-script: Evaluate page: https://allegro.pl/kategoria/obraz-i-grafika-karty-graficzne-257236?string=gtx%20770&order=m&bmatch=ss-base-relevance-floki-5-nga-hcp-ele-1-1-1003&price_from=129&price_to=360&offerTypeBuyNow=1#time=20180128182501
Jan 28 17:25:09 localhost startup-script: INFO startup-script: [Time:#0117775 ms] 127.0.0.1:60019
Jan 28 17:25:09 localhost startup-script: INFO startup-script: Evaluate page: https://allegro.pl/kategoria/podzespoly-bazowe-procesory-4227?string=6600k&price_to=900&order=p&bmatch=base-relevance-floki-5-nga-ele-1-4-0511&price_from=500#time=20180128182502
Jan 28 17:25:09 localhost startup-script: INFO startup-script: [Time:#0117239 ms] 127.0.0.1:60018
Jan 28 17:25:09 localhost startup-script: INFO startup-script: Evaluate page: http://allegro.pl/c5-iii-2008-123586?a_enum%5B13%5D%5B3%5D=3&a_enum%5B128795%5D%5B64%5D=64&price_to=40000&startingTime=7&a_enum%5B128796%5D%5B2%5D=2#time=20180128182502
Jan 28 17:25:09 localhost startup-script: INFO startup-script: Evaluate page: https://allegro.pl/kategoria/konsole-i-automaty?string=konsola&buyUsed=1&offerTypeBuyNow=1&startingTime=1&order=n&bmatch=base-relevance-floki-5-nga-ele-1-4-0511#time=20180128182501
Jan 28 17:25:09 localhost startup-script: INFO startup-script: [Time:#0117940 ms] 127.0.0.1:60009
Jan 28 17:25:09 localhost startup-script: INFO startup-script: [Time:#0117684 ms] 127.0.0.1:60018
Jan 28 17:25:09 localhost startup-script: INFO startup-script: Evaluate page: http://allegro.pl/xiaomi-mi5-256128?order=d&a_enum%5B128188%5D%5B1%5D=1&price_to=1150#time=20180128182501
Jan 28 17:25:10 localhost startup-script: INFO startup-script: [Time:#0118123 ms] 127.0.0.1:60003
Jan 28 17:25:10 localhost startup-script: INFO startup-script: Evaluate page: https://allegro.pl/kategoria/sony-xperia-m4-aqua-251726?price_to=230&offerTypeBuyNow=1&buyUsed=1&order=p#time=20180128182501
Jan 28 17:25:10 localhost startup-script: INFO startup-script: [Time:#0118577 ms] 127.0.0.1:60019
Jan 28 17:25:10 localhost startup-script: INFO startup-script: Evaluate page: https://allegro.pl/kategoria/samochody-osobowe-4029?moc-km-od=170&string=mpakiet&skrzynia-biegow=Automatyczna%20hydrauliczna%20(klasyczna)&price_to=30000&startingTime=9&price_from=8000&order=n&bmatch=s0-aut-1-1-0511#time=20180128182501
Jan 28 17:25:10 localhost startup-script: INFO startup-script: [Time:#0118887 ms] 127.0.0.1:60004
Jan 28 17:25:10 localhost startup-script: INFO startup-script: Evaluate page: https://allegro.pl/kategoria/gry-na-konsole-sony-playstation-4-146702?string=knack&order=m&bmatch=ss-base-relevance-floki-5-nga-hcp-cul-1-5-1003&wersja=pude%C5%82kowa&wersja-jezykowa-gry=Polska&stan=u%C5%BCywane&price_to=70#time=20180128182502
Jan 28 17:25:10 localhost startup-script: INFO startup-script: [Time:#0118893 ms] 127.0.0.1:60015
Jan 28 17:25:11 localhost startup-script: INFO startup-script: Evaluate page: https://allegro.pl/kategoria/samsung-galaxy-note-3-146536?order=d&price_to=450&offerTypeBuyNow=1#time=20180128182502
Jan 28 17:25:11 localhost startup-script: INFO startup-script: Evaluate page: https://allegro.pl/listing?string=fiat%2077364376&description=1&order=d&bmatch=base-relevance-floki-5-nga-uni-1-2-0222#time=20180128182501
Jan 28 17:25:11 localhost startup-script: INFO startup-script: [Time:#0119467 ms] 127.0.0.1:60006
Jan 28 17:25:11 localhost startup-script: INFO startup-script: Evaluate page: https://allegro.pl/uzytkownik/DZIARSKI75?p=2&order=m#time=20180128182501
Jan 28 17:25:11 localhost startup-script: INFO startup-script: [Time:#0119020 ms] 127.0.0.1:60013
Jan 28 17:25:11 localhost startup-script: INFO startup-script: [Time:#0119593 ms] 127.0.0.1:60012
Jan 28 17:25:11 localhost startup-script: INFO startup-script: Evaluate page: https://allegro.pl/kategoria/konsole-i-automaty?string=konsola&buyUsed=1&offerTypeBuyNow=1&startingTime=1&order=n&bmatch=base-relevance-floki-5-nga-ele-1-4-0511#time=20180128182501
Jan 28 17:25:11 localhost startup-script: INFO startup-script: [Time:#0119706 ms] 127.0.0.1:60019
Jan 28 17:25:12 localhost startup-script: INFO startup-script: Evaluate page: https://allegro.pl/kategoria/podzespoly-bazowe-procesory-257222?string=g4560&order=m&bmatch=ss-base-relevance-floki-5-nga-hcp-ele-1-1-1003&offerTypeBuyNow=1&price_from=100&price_to=210#time=20180128182501
Jan 28 17:25:12 localhost startup-script: INFO startup-script: [Time:#01110348 ms] 127.0.0.1:60006
Jan 28 17:25:12 localhost startup-script: INFO startup-script: Evaluate page: http://allegro.pl/grand-cherokee-iii-2005-2010-18205?startingTime=7#time=20180128182501
Jan 28 17:25:12 localhost startup-script: INFO startup-script: Evaluate page: https://allegro.pl/motoryzacja?string=FIAT%20735579354&description=1&bmatch=base-relevance-floki-5-nga-aut-1-2-0222#time=20180128182501
Jan 28 17:25:12 localhost startup-script: INFO startup-script: [Time:#01110549 ms] 127.0.0.1:60004
Jan 28 17:25:12 localhost startup-script: INFO startup-script: [Time:#01110587 ms] 127.0.0.1:60018
Jan 28 17:25:12 localhost startup-script: INFO startup-script: Evaluate page: https://allegro.pl/kategoria/sony-playstation-2-ps2-konsole-122276?order=d&price_to=50&offerTypeBuyNow=1#time=20180128182501
Jan 28 17:25:12 localhost startup-script: INFO startup-script: [Time:#01110941 ms] 127.0.0.1:60000
Jan 28 17:25:12 localhost startup-script: INFO startup-script: Evaluate page: https://allegro.pl/kategoria/odziez-meska-koszulki-z-dlugim-rekawem-87876?order=m&price_to=10&rozmiar=S&rozmiar=M&rozmiar=L&kolor=Odcienie%20czerwieni&kolor=Odcienie%20niebieskiego&kolor=Odcienie%20zieleni&p=2#time=20180128182501
Jan 28 17:25:12 localhost startup-script: INFO startup-script: Evaluate page: https://allegro.pl/kategoria/obraz-i-grafika-karty-graficzne-257236?string=7750&order=m&bmatch=ss-base-relevance-floki-5-nga-hcp-ele-1-1-1003&offerTypeBuyNow=1&price_from=50&price_to=90#time=20180128182501
Jan 28 17:25:12 localhost startup-script: INFO startup-script: [Time:#01111168 ms] 127.0.0.1:60009
Jan 28 17:25:13 localhost startup-script: INFO startup-script: [Time:#01111192 ms] 127.0.0.1:60000
